Archive member included to satisfy reference by file (symbol)

C:/nxp/MCUXpressoIDE_25.6.136/ide/plugins/com.nxp.mcuxpresso.tools.win32_25.6.0.202501151204/tools/bin/../lib/gcc/arm-none-eabi/14.2.1/../../../../arm-none-eabi/lib/thumb/v7e-m+fp/hard\libcr_nohost_nf.a(_cr__main.o)
                              ./startup/startup_mk64f12.o (__main)
C:/nxp/MCUXpressoIDE_25.6.136/ide/plugins/com.nxp.mcuxpresso.tools.win32_25.6.0.202501151204/tools/bin/../lib/gcc/arm-none-eabi/14.2.1/../../../../arm-none-eabi/lib/thumb/v7e-m+fp/hard\libcr_c.a(memcpy.o)
                              ./utilities/fsl_debug_console.o (memcpy)
C:/nxp/MCUXpressoIDE_25.6.136/ide/plugins/com.nxp.mcuxpresso.tools.win32_25.6.0.202501151204/tools/bin/../lib/gcc/arm-none-eabi/14.2.1/../../../../arm-none-eabi/lib/thumb/v7e-m+fp/hard\libcr_c.a(memset.o)
                              ./source/Functions.o (memset)
C:/nxp/MCUXpressoIDE_25.6.136/ide/plugins/com.nxp.mcuxpresso.tools.win32_25.6.0.202501151204/tools/bin/../lib/gcc/arm-none-eabi/14.2.1/../../../../arm-none-eabi/lib/thumb/v7e-m+fp/hard\libcr_c.a(alloc.o)
                              ./source/Functions.o (malloc)
C:/nxp/MCUXpressoIDE_25.6.136/ide/plugins/com.nxp.mcuxpresso.tools.win32_25.6.0.202501151204/tools/bin/../lib/gcc/arm-none-eabi/14.2.1/../../../../arm-none-eabi/lib/thumb/v7e-m+fp/hard\libcr_c.a(initio.o)
                              C:/nxp/MCUXpressoIDE_25.6.136/ide/plugins/com.nxp.mcuxpresso.tools.win32_25.6.0.202501151204/tools/bin/../lib/gcc/arm-none-eabi/14.2.1/../../../../arm-none-eabi/lib/thumb/v7e-m+fp/hard\libcr_nohost_nf.a(_cr__main.o) (_initio)
C:/nxp/MCUXpressoIDE_25.6.136/ide/plugins/com.nxp.mcuxpresso.tools.win32_25.6.0.202501151204/tools/bin/../lib/gcc/arm-none-eabi/14.2.1/../../../../arm-none-eabi/lib/thumb/v7e-m+fp/hard\libcr_c.a(memcmp.o)
                              ./source/Functions.o (memcmp)
C:/nxp/MCUXpressoIDE_25.6.136/ide/plugins/com.nxp.mcuxpresso.tools.win32_25.6.0.202501151204/tools/bin/../lib/gcc/arm-none-eabi/14.2.1/../../../../arm-none-eabi/lib/thumb/v7e-m+fp/hard\libcr_c.a(setvbuf.o)
                              C:/nxp/MCUXpressoIDE_25.6.136/ide/plugins/com.nxp.mcuxpresso.tools.win32_25.6.0.202501151204/tools/bin/../lib/gcc/arm-none-eabi/14.2.1/../../../../arm-none-eabi/lib/thumb/v7e-m+fp/hard\libcr_c.a(initio.o) (setvbuf)
C:/nxp/MCUXpressoIDE_25.6.136/ide/plugins/com.nxp.mcuxpresso.tools.win32_25.6.0.202501151204/tools/bin/../lib/gcc/arm-none-eabi/14.2.1/../../../../arm-none-eabi/lib/thumb/v7e-m+fp/hard\libcr_c.a(strlen.o)
                              ./utilities/fsl_debug_console.o (strlen)
C:/nxp/MCUXpressoIDE_25.6.136/ide/plugins/com.nxp.mcuxpresso.tools.win32_25.6.0.202501151204/tools/bin/../lib/gcc/arm-none-eabi/14.2.1/../../../../arm-none-eabi/lib/thumb/v7e-m+fp/hard\libcr_c.a(__init_alloc.o)
                              C:/nxp/MCUXpressoIDE_25.6.136/ide/plugins/com.nxp.mcuxpresso.tools.win32_25.6.0.202501151204/tools/bin/../lib/gcc/arm-none-eabi/14.2.1/../../../../arm-none-eabi/lib/thumb/v7e-m+fp/hard\libcr_c.a(alloc.o) (__heaps)
C:/nxp/MCUXpressoIDE_25.6.136/ide/plugins/com.nxp.mcuxpresso.tools.win32_25.6.0.202501151204/tools/bin/../lib/gcc/arm-none-eabi/14.2.1/../../../../arm-none-eabi/lib/thumb/v7e-m+fp/hard\libcr_c.a(_cr_sbrk.o)
                              C:/nxp/MCUXpressoIDE_25.6.136/ide/plugins/com.nxp.mcuxpresso.tools.win32_25.6.0.202501151204/tools/bin/../lib/gcc/arm-none-eabi/14.2.1/../../../../arm-none-eabi/lib/thumb/v7e-m+fp/hard\libcr_c.a(alloc.o) (_sbrk)
C:/nxp/MCUXpressoIDE_25.6.136/ide/plugins/com.nxp.mcuxpresso.tools.win32_25.6.0.202501151204/tools/bin/../lib/gcc/arm-none-eabi/14.2.1/../../../../arm-none-eabi/lib/thumb/v7e-m+fp/hard\libcr_c.a(_fdopen.o)
                              C:/nxp/MCUXpressoIDE_25.6.136/ide/plugins/com.nxp.mcuxpresso.tools.win32_25.6.0.202501151204/tools/bin/../lib/gcc/arm-none-eabi/14.2.1/../../../../arm-none-eabi/lib/thumb/v7e-m+fp/hard\libcr_c.a(initio.o) (_fdopen)
C:/nxp/MCUXpressoIDE_25.6.136/ide/plugins/com.nxp.mcuxpresso.tools.win32_25.6.0.202501151204/tools/bin/../lib/gcc/arm-none-eabi/14.2.1/../../../../arm-none-eabi/lib/thumb/v7e-m+fp/hard\libcr_c.a(errno.o)
                              C:/nxp/MCUXpressoIDE_25.6.136/ide/plugins/com.nxp.mcuxpresso.tools.win32_25.6.0.202501151204/tools/bin/../lib/gcc/arm-none-eabi/14.2.1/../../../../arm-none-eabi/lib/thumb/v7e-m+fp/hard\libcr_c.a(_cr_sbrk.o) (errno)
C:/nxp/MCUXpressoIDE_25.6.136/ide/plugins/com.nxp.mcuxpresso.tools.win32_25.6.0.202501151204/tools/bin/../lib/gcc/arm-none-eabi/14.2.1/../../../../arm-none-eabi/lib/thumb/v7e-m+fp/hard\libcr_c.a(fclose.o)
                              C:/nxp/MCUXpressoIDE_25.6.136/ide/plugins/com.nxp.mcuxpresso.tools.win32_25.6.0.202501151204/tools/bin/../lib/gcc/arm-none-eabi/14.2.1/../../../../arm-none-eabi/lib/thumb/v7e-m+fp/hard\libcr_c.a(initio.o) (fclose)
[...]
Memory Configuration

Name             Origin             Length             Attributes
PROGRAM_FLASH    0x00000000         0x00100000         xr
SRAM_UPPER       0x20000000         0x00030000         xrw
SRAM_LOWER       0x1fff0000         0x00010000         xrw
FLEX_RAM         0x14000000         0x00001000         xrw
*default*        0x00000000         0xffffffff

Linker script and memory map

LOAD ./utilities/fsl_assert.o
LOAD ./utilities/fsl_debug_console.o
LOAD ./startup/startup_mk64f12.o
LOAD ./source/Functions.o
LOAD ./source/Practica_1.o
LOAD ./source/aes.o
LOAD ./source/semihost_hardfault.o
LOAD ./phy/fsl_phyksz8081.o
LOAD ./mdio/fsl_enet_mdio.o
LOAD ./drivers/fsl_clock.o
LOAD ./drivers/fsl_common.o
LOAD ./drivers/fsl_common_arm.o
LOAD ./drivers/fsl_enet.o
LOAD ./drivers/fsl_ftfx_cache.o
LOAD ./drivers/fsl_ftfx_controller.o
LOAD ./drivers/fsl_ftfx_flash.o
LOAD ./drivers/fsl_ftfx_flexnvm.o
LOAD ./drivers/fsl_gpio.o
LOAD ./drivers/fsl_sim.o
LOAD ./drivers/fsl_smc.o
LOAD ./drivers/fsl_sysmpu.o
LOAD ./drivers/fsl_uart.o
LOAD ./device/system_MK64F12.o
LOAD ./component/uart/fsl_adapter_uart.o
LOAD ./component/lists/fsl_component_generic_list.o
LOAD ./board/board.o
LOAD ./board/clock_config.o
LOAD ./board/pin_mux.o
START GROUP
LOAD C:/nxp/MCUXpressoIDE_25.6.136/ide/plugins/com.nxp.mcuxpresso.tools.win32_25.6.0.202501151204/tools/bin/../lib/gcc/arm-none-eabi/14.2.1/../../../../arm-none-eabi/lib/thumb/v7e-m+fp/hard\libcr_nohost_nf.a
LOAD C:/nxp/MCUXpressoIDE_25.6.136/ide/plugins/com.nxp.mcuxpresso.tools.win32_25.6.0.202501151204/tools/bin/../lib/gcc/arm-none-eabi/14.2.1/../../../../arm-none-eabi/lib/thumb/v7e-m+fp/hard\libcr_c.a
LOAD C:/nxp/MCUXpressoIDE_25.6.136/ide/plugins/com.nxp.mcuxpresso.tools.win32_25.6.0.202501151204/tools/bin/../lib/gcc/arm-none-eabi/14.2.1/thumb/v7e-m+fp/hard\libcr_eabihelpers.a
LOAD C:/nxp/MCUXpressoIDE_25.6.136/ide/plugins/com.nxp.mcuxpresso.tools.win32_25.6.0.202501151204/tools/bin/../lib/gcc/arm-none-eabi/14.2.1/thumb/v7e-m+fp/hard\libgcc.a
END GROUP
                0x00000000                        __base_PROGRAM_FLASH = 0x0
                0x00000000                        __base_Flash = 0x0
                0x00100000                        __top_PROGRAM_FLASH = 0x100000
                0x00100000                        __top_Flash = 0x100000
                0x20000000                        __base_SRAM_UPPER = 0x20000000
                0x20000000                        __base_RAM = 0x20000000
                0x20030000                        __top_SRAM_UPPER = 0x20030000
                0x20030000                        __top_RAM = 0x20030000
                0x1fff0000                        __base_SRAM_LOWER = 0x1fff0000
                0x1fff0000                        __base_RAM2 = 0x1fff0000
                0x20000000                        __top_SRAM_LOWER = 0x20000000
                0x20000000                        __top_RAM2 = 0x20000000
                0x14000000                        __base_FLEX_RAM = 0x14000000
                0x14000000                        __base_RAM3 = 0x14000000
                0x14001000                        __top_FLEX_RAM = 0x14001000
                0x14001000                        __top_RAM3 = 0x14001000

.text           0x00000000     0x73c8
 FILL mask 0xff
                0x00000000                        __vectors_start__ = ABSOLUTE (.)
 *(SORT_BY_ALIGNMENT(.isr_vector))
 .isr_vector    0x00000000      0x198 ./startup/startup_mk64f12.o
                0x00000000                g_pfnVectors
                0x00000000                __Vectors
                0x00000198                        . = ALIGN (0x4)
                0x00000198                        __section_table_start = .
                0x00000198                        __data_section_table = .
                0x00000198        0x4 LONG 0x73c8 LOADADDR (.data)
                0x0000019c        0x4 LONG 0x20000000 ADDR (.data)
                0x000001a0        0x4 LONG 0x38 SIZEOF (.data)
                0x000001a4        0x4 LONG 0x73c8 LOADADDR (.data_RAM2)
                0x000001a8        0x4 LONG 0x1fff0000 ADDR (.data_RAM2)
                0x000001ac        0x4 LONG 0x0 SIZEOF (.data_RAM2)
                0x000001b0        0x4 LONG 0x73c8 LOADADDR (.data_RAM3)
                0x000001b4        0x4 LONG 0x14000000 ADDR (.data_RAM3)
                0x000001b8        0x4 LONG 0x0 SIZEOF (.data_RAM3)
                0x000001bc                        __data_section_table_end = .
                0x000001bc                        __bss_section_table = .
                0x000001bc        0x4 LONG 0x20000040 ADDR (.bss)
                0x000001c0        0x4 LONG 0x3748 SIZEOF (.bss)
                0x000001c4        0x4 LONG 0x1fff0000 ADDR (.bss_RAM2)
                0x000001c8        0x4 LONG 0x0 SIZEOF (.bss_RAM2)
                0x000001cc        0x4 LONG 0x14000000 ADDR (.bss_RAM3)
                0x000001d0        0x4 LONG 0x0 SIZEOF (.bss_RAM3)
                0x000001d4                        __bss_section_table_end = .
                0x000001d4                        __section_table_end = .
 *(SORT_BY_ALIGNMENT(.after_vectors*))
 .after_vectors.reset
                0x000001d4       0x4c ./startup/startup_mk64f12.o
                0x000001d4                ResetISR
 .after_vectors.init_data
                0x00000220       0x1e ./startup/startup_mk64f12.o
                0x00000220                data_init
 .after_vectors.init_bss
                0x0000023e       0x12 ./startup/startup_mk64f12.o
                0x0000023e                bss_init
 .after_vectors
                0x00000250       0x14 ./startup/startup_mk64f12.o
                0x00000250                NMI_Handler
                0x00000254                MemManage_Handler
                0x00000256                BusFault_Handler
                0x00000258                UsageFault_Handler
                0x0000025a                SVC_Handler
                0x0000025c                DebugMon_Handler
                0x0000025e                PendSV_Handler
                0x00000260                SysTick_Handler
                0x00000262                DMA_Error_DriverIRQHandler
                0x00000262                LPTMR0_DriverIRQHandler
                0x00000262                FTM1_DriverIRQHandler
                0x00000262                FTM2_DriverIRQHandler
                0x00000262                PIT2_DriverIRQHandler
                0x00000262                SDHC_DriverIRQHandler
                0x00000262                I2S0_Tx_DriverIRQHandler
                0x00000262                RTC_Seconds_DriverIRQHandler
                0x00000262                DMA6_DriverIRQHandler
                0x00000262                LLWU_DriverIRQHandler
                0x00000262                MCM_DriverIRQHandler
                0x00000262                MCG_DriverIRQHandler
                0x00000262                I2C2_DriverIRQHandler
                0x00000262                DAC1_DriverIRQHandler
                0x00000262                SPI1_DriverIRQHandler
                0x00000262                CMP1_DriverIRQHandler
                0x00000262                FTM0_DriverIRQHandler
                0x00000262                IntDefaultHandler
                0x00000262                USB0_DriverIRQHandler
                0x00000262                UART5_ERR_DriverIRQHandler
                0x00000262                PORTC_DriverIRQHandler
                0x00000262                DMA11_DriverIRQHandler
                0x00000262                DAC0_DriverIRQHandler
                0x00000262                DMA10_DriverIRQHandler
                0x00000262                CMP2_DriverIRQHandler
                0x00000262                UART2_ERR_DriverIRQHandler
                0x00000262                SPI2_DriverIRQHandler
                0x00000262                LVD_LVW_DriverIRQHandler
                0x00000262                DMA12_DriverIRQHandler
                0x00000262                RNG_DriverIRQHandler
                0x00000262                DMA5_DriverIRQHandler
                0x00000262                DMA4_DriverIRQHandler
                0x00000262                USBDCD_DriverIRQHandler
                0x00000262                UART3_ERR_DriverIRQHandler
                0x00000262                DMA3_DriverIRQHandler
                0x00000262                DMA8_DriverIRQHandler
                0x00000262                DMA9_DriverIRQHandler
                0x00000262                UART0_ERR_DriverIRQHandler
                0x00000262                CMT_DriverIRQHandler
                0x00000262                Reserved71_DriverIRQHandler
                0x00000262                ADC1_DriverIRQHandler
                0x00000262                PORTA_DriverIRQHandler
                0x00000262                DMA14_DriverIRQHandler
                0x00000262                PIT3_DriverIRQHandler
                0x00000262                PIT1_DriverIRQHandler
                0x00000262                WDOG_EWM_DriverIRQHandler
                0x00000262                PDB0_DriverIRQHandler
                0x00000262                RTC_DriverIRQHandler
                0x00000262                I2S0_Rx_DriverIRQHandler
                0x00000262                Read_Collision_DriverIRQHandler
                0x00000262                SWI_DriverIRQHandler
                0x00000262                UART4_ERR_DriverIRQHandler
                0x00000262                PORTB_DriverIRQHandler
                0x00000262                UART0_LON_DriverIRQHandler
                0x00000262                DMA0_DriverIRQHandler
                0x00000262                DMA1_DriverIRQHandler
                0x00000262                I2C1_DriverIRQHandler
                0x00000262                DMA13_DriverIRQHandler
                0x00000262                DMA15_DriverIRQHandler
                0x00000262                SPI0_DriverIRQHandler
                0x00000262                ADC0_DriverIRQHandler
                0x00000262                CMP0_DriverIRQHandler
                0x00000262                CAN0_DriverIRQHandler
                0x00000262                FTM3_DriverIRQHandler
                0x00000262                PIT0_DriverIRQHandler
                0x00000262                UART1_ERR_DriverIRQHandler
                0x00000262                DMA2_DriverIRQHandler
                0x00000262                PORTD_DriverIRQHandler
                0x00000262                PORTE_DriverIRQHandler
                0x00000262                FTFE_DriverIRQHandler
                0x00000262                I2C0_DriverIRQHandler
                0x00000262                DMA7_DriverIRQHandler
                0x00000400                        . = 0x400
 *fill*         0x00000264      0x19c ff
                0x00000400                        PROVIDE (__FLASH_CONFIG_START__ = .)
 *(SORT_BY_ALIGNMENT(.FlashConfig))
 .FlashConfig   0x00000400       0x10 ./startup/startup_mk64f12.o
                0x00000400                Flash_Config
                0x00000410                        PROVIDE (__FLASH_CONFIG_END__ = .)
                0x00000001                        ASSERT (! ((__FLASH_CONFIG_START__ == __FLASH_CONFIG_END__)), Linker Flash Config Support Enabled, but no .FlashConfig section provided within application)
 *(SORT_BY_ALIGNMENT(.text*))
 .text.__assertion_failed
                0x00000410       0x18 ./utilities/fsl_assert.o
                0x00000410                __assertion_failed
 .text.DbgConsole_Init
                0x00000428       0x74 ./utilities/fsl_debug_console.o
                0x00000428                DbgConsole_Init
 .text.DbgConsole_Vprintf
                0x0000049c       0x3c ./utilities/fsl_debug_console.o
                0x0000049c                DbgConsole_Vprintf
 .text.DbgConsole_Putchar
                0x000004d8       0x30 ./utilities/fsl_debug_console.o
                0x000004d8                DbgConsole_Putchar
 .text.DbgConsole_PrintfFormattedData
                0x00000508      0x9d8 ./utilities/fsl_debug_console.o
 .text.send     0x00000ee0      0x180 ./source/Functions.o
                0x00000ee0                send
 .text.crc32    0x00001060       0x78 ./source/Functions.o
                0x00001060                crc32
 .text.encrypt_payload
                0x000010d8       0x84 ./source/Functions.o
                0x000010d8                encrypt_payload
 .text.init     0x0000115c      0x164 ./source/Functions.o
                0x0000115c                init
 .text.recv     0x000012c0      0x124 ./source/Functions.o
                0x000012c0                recv
 .text.main     0x000013e4       0x8c ./source/Practica_1.o
                0x000013e4                main
 .text.KeyExpansion
                0x00001470      0x1a0 ./source/aes.o
 .text.SubBytes
                0x00001610       0x64 ./source/aes.o
 .text.PHY_KSZ8081_Init
                0x00001674      0x128 ./phy/fsl_phyksz8081.o
                0x00001674                PHY_KSZ8081_Init
 .text.PHY_KSZ8081_GetAutoNegotiationStatus
                0x0000179c       0x54 ./phy/fsl_phyksz8081.o
                0x0000179c                PHY_KSZ8081_GetAutoNegotiationStatus
 .text.PHY_KSZ8081_GetLinkStatus
                0x000017f0       0x58 ./phy/fsl_phyksz8081.o
                0x000017f0                PHY_KSZ8081_GetLinkStatus
 .text.PHY_KSZ8081_GetLinkSpeedDuplex
                0x00001848       0x98 ./phy/fsl_phyksz8081.o
                0x00001848                PHY_KSZ8081_GetLinkSpeedDuplex
 .text.PHY_KSZ8081_SetLinkSpeedDuplex
                0x000018e0       0x90 ./phy/fsl_phyksz8081.o
                0x000018e0                PHY_KSZ8081_SetLinkSpeedDuplex
 .text.PHY_KSZ8081_EnableLoopback
                0x00001970      0x150 ./phy/fsl_phyksz8081.o
                0x00001970                PHY_KSZ8081_EnableLoopback
 .text.ENET_MDIO_Init
                0x00001ac0       0x44 ./mdio/fsl_enet_mdio.o
 .text.ENET_MDIO_Read
                0x00001b04       0x74 ./mdio/fsl_enet_mdio.o
 .text.CLOCK_SetEr32kClock
                0x00001b78       0x30 ./drivers/fsl_clock.o
 .text.CLOCK_SetPllFllSelClock
                0x00001ba8       0x38 ./drivers/fsl_clock.o
 .text.CLOCK_GetMcgExtClkFreq
                0x00001be0       0x7c ./drivers/fsl_clock.o
 .text.CLOCK_GetFllExtRefClkFreq
                0x00001c5c       0xb0 ./drivers/fsl_clock.o
 .text.CLOCK_GetInternalRefClkSelectFreq
                0x00001d0c       0x4c ./drivers/fsl_clock.o
 .text.CLOCK_GetFllRefClkFreq
                0x00001d58       0x34 ./drivers/fsl_clock.o
 .text.CLOCK_GetOscRangeFromFreq
                0x00001d8c       0x3c ./drivers/fsl_clock.o
 .text.CLOCK_GetOsc0ErClkFreq
                0x00001dc8       0x44 ./drivers/fsl_clock.o
                0x00001dc8                CLOCK_GetOsc0ErClkFreq
 .text.CLOCK_GetEr32kClkFreq
                0x00001e0c       0x74 ./drivers/fsl_clock.o
                0x00001e0c                CLOCK_GetEr32kClkFreq
 .text.CLOCK_GetPllFllSelClkFreq
                0x00001e80       0x54 ./drivers/fsl_clock.o
                0x00001e80                CLOCK_GetPllFllSelClkFreq
 .text.CLOCK_GetCoreSysClkFreq
                0x00001ed4       0x28 ./drivers/fsl_clock.o
                0x00001ed4                CLOCK_GetCoreSysClkFreq
 .text.CLOCK_GetFreq
                0x00001efc      0x140 ./drivers/fsl_clock.o
                0x00001efc                CLOCK_GetFreq
 .text.CLOCK_SetSimConfig
                0x0000203c       0x34 ./drivers/fsl_clock.o
                0x0000203c                CLOCK_SetSimConfig
 .text.CLOCK_GetOutClkFreq
                0x00002070       0x64 ./drivers/fsl_clock.o
                0x00002070                CLOCK_GetOutClkFreq
 .text.CLOCK_GetFllFreq
                0x000020d4       0x84 ./drivers/fsl_clock.o
                0x000020d4                CLOCK_GetFllFreq
 .text.CLOCK_GetInternalRefClkFreq
                0x00002158       0x30 ./drivers/fsl_clock.o
                0x00002158                CLOCK_GetInternalRefClkFreq
 .text.CLOCK_GetPll0Freq
                0x00002188       0x78 ./drivers/fsl_clock.o
                0x00002188                CLOCK_GetPll0Freq
 .text.CLOCK_SetExternalRefClkConfig
                0x00002200       0x6c ./drivers/fsl_clock.o
                0x00002200                CLOCK_SetExternalRefClkConfig
 .text.CLOCK_SetInternalRefClkConfig
                0x0000226c      0x104 ./drivers/fsl_clock.o
                0x0000226c                CLOCK_SetInternalRefClkConfig
 .text.CLOCK_EnablePll0
                0x00002370       0x88 ./drivers/fsl_clock.o
                0x00002370                CLOCK_EnablePll0
 .text.CLOCK_InitOsc0
                0x000023f8       0x8c ./drivers/fsl_clock.o
                0x000023f8                CLOCK_InitOsc0
 .text.CLOCK_SetPbeMode
                0x00002484       0xa8 ./drivers/fsl_clock.o
                0x00002484                CLOCK_SetPbeMode
 .text.CLOCK_BootToPeeMode
                0x0000252c       0x60 ./drivers/fsl_clock.o
                0x0000252c                CLOCK_BootToPeeMode
 .text.SDK_DelayAtLeastUs
                0x0000258c       0x8c ./drivers/fsl_common_arm.o
                0x0000258c                SDK_DelayAtLeastUs
 .text.__NVIC_EnableIRQ
                0x00002618       0x3c ./drivers/fsl_enet.o
 .text.ENET_GetInstance
                0x00002654       0x44 ./drivers/fsl_enet.o
                0x00002654                ENET_GetInstance
 .text.ENET_GetDefaultConfig
                0x00002698       0x4c ./drivers/fsl_enet.o
                0x00002698                ENET_GetDefaultConfig
 .text.ENET_Up  0x000026e4       0xb8 ./drivers/fsl_enet.o
                0x000026e4                ENET_Up
 .text.ENET_Init
                0x0000279c       0x48 ./drivers/fsl_enet.o
                0x0000279c                ENET_Init
 .text.ENET_SetRxISRHandler
                0x000027e4       0x30 ./drivers/fsl_enet.o
                0x000027e4                ENET_SetRxISRHandler
 .text.ENET_SetTxISRHandler
                0x00002814       0x30 ./drivers/fsl_enet.o
                0x00002814                ENET_SetTxISRHandler
 .text.ENET_SetErrISRHandler
                0x00002844       0x30 ./drivers/fsl_enet.o
                0x00002844                ENET_SetErrISRHandler
 .text.ENET_SetHandler
                0x00002874      0x1a8 ./drivers/fsl_enet.o
 .text.ENET_SetMacController
                0x00002a1c      0x248 ./drivers/fsl_enet.o
 .text.ENET_SetTxBufferDescriptors
                0x00002c64       0xe4 ./drivers/fsl_enet.o
 .text.ENET_SetRxBufferDescriptors
                0x00002d48       0xfc ./drivers/fsl_enet.o
 .text.ENET_RxBufferAllocAll
                0x00002e44       0xcc ./drivers/fsl_enet.o
 .text.ENET_RxBufferFreeAll
                0x00002f10       0xc4 ./drivers/fsl_enet.o
 .text.ENET_ActiveReadRing
                0x00002fd4       0x44 ./drivers/fsl_enet.o
 .text.ENET_ActiveSendRing
                0x00003018       0x4c ./drivers/fsl_enet.o
 .text.ENET_SetSMI
                0x00003064       0xa0 ./drivers/fsl_enet.o
                0x00003064                ENET_SetSMI
 .text.ENET_IncreaseIndex
                0x00003104       0x40 ./drivers/fsl_enet.o
 .text.ENET_GetRxErrBeforeReadFrame
                0x00003144      0x108 ./drivers/fsl_enet.o
                0x00003144                ENET_GetRxErrBeforeReadFrame
 .text.ENET_GetRxFrameSize
                0x0000324c      0x128 ./drivers/fsl_enet.o
                0x0000324c                ENET_GetRxFrameSize
 .text.ENET_ReadFrame
                0x00003374      0x188 ./drivers/fsl_enet.o
                0x00003374                ENET_ReadFrame
 .text.ENET_UpdateReadBuffers
                0x000034fc       0x94 ./drivers/fsl_enet.o
 .text.ENET_SendFrame
                0x00003590      0x378 ./drivers/fsl_enet.o
                0x00003590                ENET_SendFrame
 .text.ENET_ReclaimTxDescriptor
                0x00003908      0x10c ./drivers/fsl_enet.o
                0x00003908                ENET_ReclaimTxDescriptor
 .text.ENET_TransmitIRQHandler
                0x00003a14       0x8c ./drivers/fsl_enet.o
                0x00003a14                ENET_TransmitIRQHandler
 .text.ENET_ReceiveIRQHandler
                0x00003aa0       0x5c ./drivers/fsl_enet.o
                0x00003aa0                ENET_ReceiveIRQHandler
 .text.ENET_ErrorIRQHandler
                0x00003afc       0x90 ./drivers/fsl_enet.o
                0x00003afc                ENET_ErrorIRQHandler
 .text.ENET_Ptp1588IRQHandler
                0x00003b8c       0x44 ./drivers/fsl_enet.o
                0x00003b8c                ENET_Ptp1588IRQHandler
 .text.ENET_TxIRQHandler
                0x00003bd0       0x48 ./drivers/fsl_enet.o
                0x00003bd0                ENET_TxIRQHandler
 .text.ENET_RxIRQHandler
                0x00003c18       0x44 ./drivers/fsl_enet.o
                0x00003c18                ENET_RxIRQHandler
 .text.ENET_ErrIRQHandler
                0x00003c5c       0x44 ./drivers/fsl_enet.o
                0x00003c5c                ENET_ErrIRQHandler
 .text.ENET_Transmit_DriverIRQHandler
                0x00003ca0       0x18 ./drivers/fsl_enet.o
                0x00003ca0                ENET_Transmit_DriverIRQHandler
 .text.ENET_Receive_DriverIRQHandler
                0x00003cb8       0x18 ./drivers/fsl_enet.o
                0x00003cb8                ENET_Receive_DriverIRQHandler
 .text.ENET_Error_DriverIRQHandler
                0x00003cd0       0x18 ./drivers/fsl_enet.o
                0x00003cd0                ENET_Error_DriverIRQHandler
 .text.ENET_1588_Timer_DriverIRQHandler
                0x00003ce8       0x18 ./drivers/fsl_enet.o
                0x00003ce8                ENET_1588_Timer_DriverIRQHandler
 .text.UART_GetInstance
                0x00003d00       0x54 ./drivers/fsl_uart.o
                0x00003d00                UART_GetInstance
 .text.UART_Init
                0x00003d54      0x2f4 ./drivers/fsl_uart.o
                0x00003d54                UART_Init
 .text.UART_GetDefaultConfig
                0x00004048       0x68 ./drivers/fsl_uart.o
                0x00004048                UART_GetDefaultConfig
 .text.UART_ReadBlocking
                0x000040b0       0xfc ./drivers/fsl_uart.o
                0x000040b0                UART_ReadBlocking
 .text.UART0_DriverIRQHandler
                0x000041ac       0x28 ./drivers/fsl_uart.o
                0x000041ac                UART0_DriverIRQHandler
 .text.UART1_DriverIRQHandler
                0x000041d4       0x28 ./drivers/fsl_uart.o
                0x000041d4                UART1_DriverIRQHandler
 .text.UART2_DriverIRQHandler
                0x000041fc       0x28 ./drivers/fsl_uart.o
                0x000041fc                UART2_DriverIRQHandler
 .text.UART3_DriverIRQHandler
                0x00004224       0x28 ./drivers/fsl_uart.o
                0x00004224                UART3_DriverIRQHandler
 .text.UART4_DriverIRQHandler
                0x0000424c       0x28 ./drivers/fsl_uart.o
                0x0000424c                UART4_DriverIRQHandler
 .text.UART5_DriverIRQHandler
                0x00004274       0x28 ./drivers/fsl_uart.o
                0x00004274                UART5_DriverIRQHandler
 .text.SystemInit
                0x0000429c       0x3c ./device/system_MK64F12.o
                0x0000429c                SystemInit
 .text.HAL_UartInit
                0x000042d8      0x128 ./component/uart/fsl_adapter_uart.o
                0x000042d8                HAL_UartInit
 .text.HAL_UartReceiveBlocking
                0x00004400       0x6c ./component/uart/fsl_adapter_uart.o
                0x00004400                HAL_UartReceiveBlocking
 .text.HAL_UartSendBlocking
                0x0000446c       0x64 ./component/uart/fsl_adapter_uart.o
                0x0000446c                HAL_UartSendBlocking
 .text.CLOCK_SetSimSafeDivs
                0x000044d0       0x20 ./board/clock_config.o
 .text.CLOCK_SetXtal0Freq
                0x000044f0       0x20 ./board/clock_config.o
 .text.CLOCK_CONFIG_SetFllExtRefDiv
                0x00004510       0x3c ./board/clock_config.o
 .text.BOARD_BootClockRUN
                0x0000454c       0x60 ./board/clock_config.o
                0x0000454c                BOARD_BootClockRUN
 .text.PORT_SetPinConfig
                0x000045ac       0x38 ./board/pin_mux.o
 .text.BOARD_InitPins
                0x000045e4       0xfc ./board/pin_mux.o
                0x000045e4                BOARD_InitPins
 .text.malloc   0x000046e0       0xc8 C:/nxp/MCUXpressoIDE_25.6.136/ide/plugins/com.nxp.mcuxpresso.tools.win32_25.6.0.202501151204/tools/bin/../lib/gcc/arm-none-eabi/14.2.1/../../../../arm-none-eabi/lib/thumb/v7e-m+fp/hard\libcr_c.a(alloc.o)
                0x000046e0                malloc
 .text._initio  0x000047a8       0x78 C:/nxp/MCUXpressoIDE_25.6.136/ide/plugins/com.nxp.mcuxpresso.tools.win32_25.6.0.202501151204/tools/bin/../lib/gcc/arm-none-eabi/14.2.1/../../../../arm-none-eabi/lib/thumb/v7e-m+fp/hard\libcr_c.a(initio.o)
                0x000047a8                _initio
 .text._sbrk    0x00004820       0x3c C:/nxp/MCUXpressoIDE_25.6.136/ide/plugins/com.nxp.mcuxpresso.tools.win32_25.6.0.202501151204/tools/bin/../lib/gcc/arm-none-eabi/14.2.1/../../../../arm-none-eabi/lib/thumb/v7e-m+fp/hard\libcr_c.a(_cr_sbrk.o)
                0x00004820                _sbrk
 .text.fflush   0x0000485c       0x3c C:/nxp/MCUXpressoIDE_25.6.136/ide/plugins/com.nxp.mcuxpresso.tools.win32_25.6.0.202501151204/tools/bin/../lib/gcc/arm-none-eabi/14.2.1/../../../../arm-none-eabi/lib/thumb/v7e-m+fp/hard\libcr_c.a(fflush.o)
                0x0000485c                fflush
 .text.fseek    0x00004898       0xf8 C:/nxp/MCUXpressoIDE_25.6.136/ide/plugins/com.nxp.mcuxpresso.tools.win32_25.6.0.202501151204/tools/bin/../lib/gcc/arm-none-eabi/14.2.1/../../../../arm-none-eabi/lib/thumb/v7e-m+fp/hard\libcr_c.a(fseek.o)
                0x00004898                fseek
 .text.ftell    0x00004990       0x44 C:/nxp/MCUXpressoIDE_25.6.136/ide/plugins/com.nxp.mcuxpresso.tools.win32_25.6.0.202501151204/tools/bin/../lib/gcc/arm-none-eabi/14.2.1/../../../../arm-none-eabi/lib/thumb/v7e-m+fp/hard\libcr_c.a(ftell.o)
                0x00004990                ftell
 .text.__check_heap_overflow
                0x000049d4       0x18 C:/nxp/MCUXpressoIDE_25.6.136/ide/plugins/com.nxp.mcuxpresso.tools.win32_25.6.0.202501151204/tools/bin/../lib/gcc/arm-none-eabi/14.2.1/../../../../arm-none-eabi/lib/thumb/v7e-m+fp/hard\libcr_c.a(_cr_check_heap.o)
                0x000049d4                __check_heap_overflow
 .text._Cwritebuf
                0x000049ec       0x70 C:/nxp/MCUXpressoIDE_25.6.136/ide/plugins/com.nxp.mcuxpresso.tools.win32_25.6.0.202501151204/tools/bin/../lib/gcc/arm-none-eabi/14.2.1/../../../../arm-none-eabi/lib/thumb/v7e-m+fp/hard\libcr_c.a(_writebuf.o)
                0x000049ec                _Cwritebuf
 .text.DbgConsole_Printf
                0x00004a5c       0x2c ./utilities/fsl_debug_console.o
                0x00004a5c                DbgConsole_Printf
 .text.DbgConsole_PrintfPaddingCharacter
                0x00004a88       0x40 ./utilities/fsl_debug_console.o
 .text.DbgConsole_ConvertRadixNumToString
                0x00004ac8      0x2b0 ./utilities/fsl_debug_console.o
 .text.DMA0_IRQHandler
                0x00004d78        0x8 ./startup/startup_mk64f12.o
                0x00004d78                DMA0_IRQHandler
 .text.DMA1_IRQHandler
                0x00004d80        0x8 ./startup/startup_mk64f12.o
                0x00004d80                DMA1_IRQHandler
 .text.DMA2_IRQHandler
                0x00004d88        0x8 ./startup/startup_mk64f12.o
                0x00004d88                DMA2_IRQHandler
 .text.DMA3_IRQHandler
                0x00004d90        0x8 ./startup/startup_mk64f12.o
                0x00004d90                DMA3_IRQHandler
 .text.DMA4_IRQHandler
                0x00004d98        0x8 ./startup/startup_mk64f12.o
                0x00004d98                DMA4_IRQHandler
 .text.DMA5_IRQHandler
                0x00004da0        0x8 ./startup/startup_mk64f12.o
                0x00004da0                DMA5_IRQHandler
 .text.DMA6_IRQHandler
                0x00004da8        0x8 ./startup/startup_mk64f12.o
                0x00004da8                DMA6_IRQHandler
 .text.DMA7_IRQHandler
                0x00004db0        0x8 ./startup/startup_mk64f12.o
                0x00004db0                DMA7_IRQHandler
 .text.DMA8_IRQHandler
                0x00004db8        0x8 ./startup/startup_mk64f12.o
                0x00004db8                DMA8_IRQHandler
 .text.DMA9_IRQHandler
                0x00004dc0        0x8 ./startup/startup_mk64f12.o
                0x00004dc0                DMA9_IRQHandler
 .text.DMA10_IRQHandler
                0x00004dc8        0x8 ./startup/startup_mk64f12.o
                0x00004dc8                DMA10_IRQHandler
 .text.DMA11_IRQHandler
                0x00004dd0        0x8 ./startup/startup_mk64f12.o
                0x00004dd0                DMA11_IRQHandler
 .text.DMA12_IRQHandler
                0x00004dd8        0x8 ./startup/startup_mk64f12.o
                0x00004dd8                DMA12_IRQHandler
 .text.DMA13_IRQHandler
                0x00004de0        0x8 ./startup/startup_mk64f12.o
                0x00004de0                DMA13_IRQHandler
 .text.DMA14_IRQHandler
                0x00004de8        0x8 ./startup/startup_mk64f12.o
                0x00004de8                DMA14_IRQHandler
 .text.DMA15_IRQHandler
                0x00004df0        0x8 ./startup/startup_mk64f12.o
                0x00004df0                DMA15_IRQHandler
 .text.DMA_Error_IRQHandler
                0x00004df8        0x8 ./startup/startup_mk64f12.o
                0x00004df8                DMA_Error_IRQHandler
 .text.MCM_IRQHandler
                0x00004e00        0x8 ./startup/startup_mk64f12.o
                0x00004e00                MCM_IRQHandler
 .text.FTFE_IRQHandler
                0x00004e08        0x8 ./startup/startup_mk64f12.o
                0x00004e08                FTFE_IRQHandler
 .text.Read_Collision_IRQHandler
                0x00004e10        0x8 ./startup/startup_mk64f12.o
                0x00004e10                Read_Collision_IRQHandler
 .text.LVD_LVW_IRQHandler
                0x00004e18        0x8 ./startup/startup_mk64f12.o
                0x00004e18                LVD_LVW_IRQHandler
 .text.LLWU_IRQHandler
                0x00004e20        0x8 ./startup/startup_mk64f12.o
                0x00004e20                LLWU_IRQHandler
 .text.WDOG_EWM_IRQHandler
                0x00004e28        0x8 ./startup/startup_mk64f12.o
                0x00004e28                WDOG_EWM_IRQHandler
 .text.RNG_IRQHandler
                0x00004e30        0x8 ./startup/startup_mk64f12.o
                0x00004e30                RNG_IRQHandler
 .text.I2C0_IRQHandler
                0x00004e38        0x8 ./startup/startup_mk64f12.o
                0x00004e38                I2C0_IRQHandler
 .text.I2C1_IRQHandler
                0x00004e40        0x8 ./startup/startup_mk64f12.o
                0x00004e40                I2C1_IRQHandler
 .text.SPI0_IRQHandler
                0x00004e48        0x8 ./startup/startup_mk64f12.o
                0x00004e48                SPI0_IRQHandler
 .text.SPI1_IRQHandler
                0x00004e50        0x8 ./startup/startup_mk64f12.o
                0x00004e50                SPI1_IRQHandler
 .text.I2S0_Tx_IRQHandler
                0x00004e58        0x8 ./startup/startup_mk64f12.o
                0x00004e58                I2S0_Tx_IRQHandler
 .text.I2S0_Rx_IRQHandler
                0x00004e60        0x8 ./startup/startup_mk64f12.o
                0x00004e60                I2S0_Rx_IRQHandler
 .text.UART0_LON_IRQHandler
                0x00004e68        0x8 ./startup/startup_mk64f12.o
                0x00004e68                UART0_LON_IRQHandler
 .text.UART0_RX_TX_IRQHandler
                0x00004e70        0x8 ./startup/startup_mk64f12.o
                0x00004e70                UART0_RX_TX_IRQHandler
 .text.UART0_ERR_IRQHandler
                0x00004e78        0x8 ./startup/startup_mk64f12.o
                0x00004e78                UART0_ERR_IRQHandler
 .text.UART1_RX_TX_IRQHandler
                0x00004e80        0x8 ./startup/startup_mk64f12.o
                0x00004e80                UART1_RX_TX_IRQHandler
 .text.UART1_ERR_IRQHandler
                0x00004e88        0x8 ./startup/startup_mk64f12.o
                0x00004e88                UART1_ERR_IRQHandler
 .text.UART2_RX_TX_IRQHandler
                0x00004e90        0x8 ./startup/startup_mk64f12.o
                0x00004e90                UART2_RX_TX_IRQHandler
 .text.UART2_ERR_IRQHandler
                0x00004e98        0x8 ./startup/startup_mk64f12.o
                0x00004e98                UART2_ERR_IRQHandler
 .text.UART3_RX_TX_IRQHandler
                0x00004ea0        0x8 ./startup/startup_mk64f12.o
                0x00004ea0                UART3_RX_TX_IRQHandler
 .text.UART3_ERR_IRQHandler
                0x00004ea8        0x8 ./startup/startup_mk64f12.o
                0x00004ea8                UART3_ERR_IRQHandler
 .text.ADC0_IRQHandler
                0x00004eb0        0x8 ./startup/startup_mk64f12.o
                0x00004eb0                ADC0_IRQHandler
 .text.CMP0_IRQHandler
                0x00004eb8        0x8 ./startup/startup_mk64f12.o
                0x00004eb8                CMP0_IRQHandler
 .text.CMP1_IRQHandler
                0x00004ec0        0x8 ./startup/startup_mk64f12.o
                0x00004ec0                CMP1_IRQHandler
 .text.FTM0_IRQHandler
                0x00004ec8        0x8 ./startup/startup_mk64f12.o
                0x00004ec8                FTM0_IRQHandler
 .text.FTM1_IRQHandler
                0x00004ed0        0x8 ./startup/startup_mk64f12.o
                0x00004ed0                FTM1_IRQHandler
 .text.FTM2_IRQHandler
                0x00004ed8        0x8 ./startup/startup_mk64f12.o
                0x00004ed8                FTM2_IRQHandler
 .text.CMT_IRQHandler
                0x00004ee0        0x8 ./startup/startup_mk64f12.o
                0x00004ee0                CMT_IRQHandler
 .text.RTC_IRQHandler
                0x00004ee8        0x8 ./startup/startup_mk64f12.o
                0x00004ee8                RTC_IRQHandler
 .text.RTC_Seconds_IRQHandler
                0x00004ef0        0x8 ./startup/startup_mk64f12.o
                0x00004ef0                RTC_Seconds_IRQHandler
 .text.PIT0_IRQHandler
                0x00004ef8        0x8 ./startup/startup_mk64f12.o
                0x00004ef8                PIT0_IRQHandler
 .text.PIT1_IRQHandler
                0x00004f00        0x8 ./startup/startup_mk64f12.o
                0x00004f00                PIT1_IRQHandler
 .text.PIT2_IRQHandler
                0x00004f08        0x8 ./startup/startup_mk64f12.o
                0x00004f08                PIT2_IRQHandler
 .text.PIT3_IRQHandler
                0x00004f10        0x8 ./startup/startup_mk64f12.o
                0x00004f10                PIT3_IRQHandler
 .text.PDB0_IRQHandler
                0x00004f18        0x8 ./startup/startup_mk64f12.o
                0x00004f18                PDB0_IRQHandler
 .text.USB0_IRQHandler
                0x00004f20        0x8 ./startup/startup_mk64f12.o
                0x00004f20                USB0_IRQHandler
 .text.USBDCD_IRQHandler
                0x00004f28        0x8 ./startup/startup_mk64f12.o
                0x00004f28                USBDCD_IRQHandler
 .text.Reserved71_IRQHandler
                0x00004f30        0x8 ./startup/startup_mk64f12.o
                0x00004f30                Reserved71_IRQHandler
 .text.DAC0_IRQHandler
                0x00004f38        0x8 ./startup/startup_mk64f12.o
                0x00004f38                DAC0_IRQHandler
 .text.MCG_IRQHandler
                0x00004f40        0x8 ./startup/startup_mk64f12.o
                0x00004f40                MCG_IRQHandler
 .text.LPTMR0_IRQHandler
                0x00004f48        0x8 ./startup/startup_mk64f12.o
                0x00004f48                LPTMR0_IRQHandler
 .text.PORTA_IRQHandler
                0x00004f50        0x8 ./startup/startup_mk64f12.o
                0x00004f50                PORTA_IRQHandler
 .text.PORTB_IRQHandler
                0x00004f58        0x8 ./startup/startup_mk64f12.o
                0x00004f58                PORTB_IRQHandler
 .text.PORTC_IRQHandler
                0x00004f60        0x8 ./startup/startup_mk64f12.o
                0x00004f60                PORTC_IRQHandler
 .text.PORTD_IRQHandler
                0x00004f68        0x8 ./startup/startup_mk64f12.o
                0x00004f68                PORTD_IRQHandler
 .text.PORTE_IRQHandler
                0x00004f70        0x8 ./startup/startup_mk64f12.o
                0x00004f70                PORTE_IRQHandler
 .text.SWI_IRQHandler
                0x00004f78        0x8 ./startup/startup_mk64f12.o
                0x00004f78                SWI_IRQHandler
 .text.SPI2_IRQHandler
                0x00004f80        0x8 ./startup/startup_mk64f12.o
                0x00004f80                SPI2_IRQHandler
 .text.UART4_RX_TX_IRQHandler
                0x00004f88        0x8 ./startup/startup_mk64f12.o
                0x00004f88                UART4_RX_TX_IRQHandler
 .text.UART4_ERR_IRQHandler
                0x00004f90        0x8 ./startup/startup_mk64f12.o
                0x00004f90                UART4_ERR_IRQHandler
 .text.UART5_RX_TX_IRQHandler
                0x00004f98        0x8 ./startup/startup_mk64f12.o
                0x00004f98                UART5_RX_TX_IRQHandler
 .text.UART5_ERR_IRQHandler
                0x00004fa0        0x8 ./startup/startup_mk64f12.o
                0x00004fa0                UART5_ERR_IRQHandler
 .text.CMP2_IRQHandler
                0x00004fa8        0x8 ./startup/startup_mk64f12.o
                0x00004fa8                CMP2_IRQHandler
 .text.FTM3_IRQHandler
                0x00004fb0        0x8 ./startup/startup_mk64f12.o
                0x00004fb0                FTM3_IRQHandler
 .text.DAC1_IRQHandler
                0x00004fb8        0x8 ./startup/startup_mk64f12.o
                0x00004fb8                DAC1_IRQHandler
 .text.ADC1_IRQHandler
                0x00004fc0        0x8 ./startup/startup_mk64f12.o
                0x00004fc0                ADC1_IRQHandler
 .text.I2C2_IRQHandler
                0x00004fc8        0x8 ./startup/startup_mk64f12.o
                0x00004fc8                I2C2_IRQHandler
 .text.CAN0_ORed_Message_buffer_IRQHandler
                0x00004fd0        0x8 ./startup/startup_mk64f12.o
                0x00004fd0                CAN0_ORed_Message_buffer_IRQHandler
 .text.CAN0_Bus_Off_IRQHandler
                0x00004fd8        0x8 ./startup/startup_mk64f12.o
                0x00004fd8                CAN0_Bus_Off_IRQHandler
 .text.CAN0_Error_IRQHandler
                0x00004fe0        0x8 ./startup/startup_mk64f12.o
                0x00004fe0                CAN0_Error_IRQHandler
 .text.CAN0_Tx_Warning_IRQHandler
                0x00004fe8        0x8 ./startup/startup_mk64f12.o
                0x00004fe8                CAN0_Tx_Warning_IRQHandler
 .text.CAN0_Rx_Warning_IRQHandler
                0x00004ff0        0x8 ./startup/startup_mk64f12.o
                0x00004ff0                CAN0_Rx_Warning_IRQHandler
 .text.CAN0_Wake_Up_IRQHandler
                0x00004ff8        0x8 ./startup/startup_mk64f12.o
                0x00004ff8                CAN0_Wake_Up_IRQHandler
 .text.SDHC_IRQHandler
                0x00005000        0x8 ./startup/startup_mk64f12.o
                0x00005000                SDHC_IRQHandler
 .text.ENET_1588_Timer_IRQHandler
                0x00005008        0x8 ./startup/startup_mk64f12.o
                0x00005008                ENET_1588_Timer_IRQHandler
 .text.ENET_Transmit_IRQHandler
                0x00005010        0x8 ./startup/startup_mk64f12.o
                0x00005010                ENET_Transmit_IRQHandler
 .text.ENET_Receive_IRQHandler
                0x00005018        0x8 ./startup/startup_mk64f12.o
                0x00005018                ENET_Receive_IRQHandler
 .text.ENET_Error_IRQHandler
                0x00005020        0x8 ./startup/startup_mk64f12.o
                0x00005020                ENET_Error_IRQHandler
 .text.ENET_ActiveRead
                0x00005028       0x1c ./source/Functions.o
 .text.PHY_Init
                0x00005044       0x20 ./source/Functions.o
 .text.PHY_GetAutoNegotiationStatus
                0x00005064       0x20 ./source/Functions.o
 .text.PHY_GetLinkStatus
                0x00005084       0x20 ./source/Functions.o
 .text.PHY_GetLinkSpeedDuplex
                0x000050a4       0x24 ./source/Functions.o
 .text.SYSMPU_Enable
                0x000050c8       0x38 ./source/Practica_1.o
 .text.AES_init_ctx
                0x00005100       0x1c ./source/aes.o
                0x00005100                AES_init_ctx
 .text.AddRoundKey
                0x0000511c       0x78 ./source/aes.o
 .text.ShiftRows
                0x00005194       0x84 ./source/aes.o
 .text.xtime    0x00005218       0x3e ./source/aes.o
 .text.MixColumns
                0x00005256      0x16a ./source/aes.o
 .text.Cipher   0x000053c0       0x5c ./source/aes.o
 .text.AES_ECB_encrypt
                0x0000541c       0x1c ./source/aes.o
                0x0000541c                AES_ECB_encrypt
 .text.HardFault_Handler
                0x00005438       0x36 ./source/semihost_hardfault.o
                0x00005438                HardFault_Handler
 .text.MDIO_Init
                0x0000546e       0x1a ./phy/fsl_phyksz8081.o
 .text.MDIO_Write
                0x00005488       0x28 ./phy/fsl_phyksz8081.o
 .text.MDIO_Read
                0x000054b0       0x28 ./phy/fsl_phyksz8081.o
 .text.PHY_KSZ8081_Write
                0x000054d8       0x26 ./phy/fsl_phyksz8081.o
                0x000054d8                PHY_KSZ8081_Write
 .text.PHY_KSZ8081_Read
                0x000054fe       0x26 ./phy/fsl_phyksz8081.o
                0x000054fe                PHY_KSZ8081_Read
 .text.CLOCK_EnableClock
                0x00005524       0x34 ./mdio/fsl_enet_mdio.o
 .text.ENET_ReadSMIData
                0x00005558       0x1a ./mdio/fsl_enet_mdio.o
 .text.ENET_GetInterruptStatus
                0x00005572       0x18 ./mdio/fsl_enet_mdio.o
 .text.ENET_ClearInterruptStatus
                0x0000558a       0x1c ./mdio/fsl_enet_mdio.o
 .text.ENET_MDIO_Write
                0x000055a6       0x5c ./mdio/fsl_enet_mdio.o
 .text.ENET_MDIO_WaitTransferOver
                0x00005602       0x2a ./mdio/fsl_enet_mdio.o
 .text.OSC_SetExtRefClkConfig
                0x0000562c       0x34 ./drivers/fsl_clock.o
 .text.OSC_SetCapLoad
                0x00005660       0x34 ./drivers/fsl_clock.o
 .text.CLOCK_GetPll0RefFreq
                0x00005694        0xe ./drivers/fsl_clock.o
 .text.CLOCK_GetFixedFreqClkFreq
                0x000056a2       0x34 ./drivers/fsl_clock.o
                0x000056a2                CLOCK_GetFixedFreqClkFreq
 .text.DelayLoop
                0x000056d6       0x20 ./drivers/fsl_common_arm.o
 .text.CLOCK_EnableClock
                0x000056f6       0x34 ./drivers/fsl_enet.o
 .text.EnableIRQ
                0x0000572a       0x32 ./drivers/fsl_enet.o
 .text.DisableGlobalIRQ
                0x0000575c       0x22 ./drivers/fsl_enet.o
 .text.EnableGlobalIRQ
                0x0000577e       0x20 ./drivers/fsl_enet.o
 .text.ENET_Reset
                0x0000579e       0x20 ./drivers/fsl_enet.o
 .text.ENET_GetSMI
                0x000057be       0x26 ./drivers/fsl_enet.o
 .text.ENET_EnableSleepMode
                0x000057e4       0x38 ./drivers/fsl_enet.o
 .text.ENET_EnableInterrupts
                0x0000581c       0x22 ./drivers/fsl_enet.o
 .text.ENET_SetMacAddr
                0x0000583e       0x5e ./drivers/fsl_enet.o
                0x0000583e                ENET_SetMacAddr
 .text.ENET_StartSMIWrite
                0x0000589c       0x50 ./drivers/fsl_enet.o
                0x0000589c                ENET_StartSMIWrite
 .text.ENET_StartSMIRead
                0x000058ec       0x4a ./drivers/fsl_enet.o
                0x000058ec                ENET_StartSMIRead
 .text.ENET_TxDirtyRingAvailable
                0x00005936       0x2e ./drivers/fsl_enet.o
 .text.CLOCK_EnableClock
                0x00005964       0x34 ./drivers/fsl_uart.o
 .text.UART_GetStatusFlags
                0x00005998       0x48 ./drivers/fsl_uart.o
                0x00005998                UART_GetStatusFlags
 .text.UART_ClearStatusFlags
                0x000059e0       0x80 ./drivers/fsl_uart.o
                0x000059e0                UART_ClearStatusFlags
 .text.UART_WriteBlocking
                0x00005a60       0x50 ./drivers/fsl_uart.o
                0x00005a60                UART_WriteBlocking
 .text.UART0_RX_TX_DriverIRQHandler
                0x00005ab0       0x12 ./drivers/fsl_uart.o
                0x00005ab0                UART0_RX_TX_DriverIRQHandler
 .text.UART1_RX_TX_DriverIRQHandler
                0x00005ac2       0x12 ./drivers/fsl_uart.o
                0x00005ac2                UART1_RX_TX_DriverIRQHandler
 .text.UART2_RX_TX_DriverIRQHandler
                0x00005ad4       0x12 ./drivers/fsl_uart.o
                0x00005ad4                UART2_RX_TX_DriverIRQHandler
 .text.UART3_RX_TX_DriverIRQHandler
                0x00005ae6       0x12 ./drivers/fsl_uart.o
                0x00005ae6                UART3_RX_TX_DriverIRQHandler
 .text.UART4_RX_TX_DriverIRQHandler
                0x00005af8       0x12 ./drivers/fsl_uart.o
                0x00005af8                UART4_RX_TX_DriverIRQHandler
 .text.UART5_RX_TX_DriverIRQHandler
                0x00005b0a       0x12 ./drivers/fsl_uart.o
                0x00005b0a                UART5_RX_TX_DriverIRQHandler
 .text.SystemInitHook
                0x00005b1c        0xe ./device/system_MK64F12.o
                0x00005b1c                SystemInitHook
 .text.HAL_UartGetStatus
                0x00005b2a       0x22 ./component/uart/fsl_adapter_uart.o
 .text.BOARD_InitDebugConsole
                0x00005b4c       0x22 ./board/board.o
                0x00005b4c                BOARD_InitDebugConsole
 .text.BOARD_InitBootClocks
                0x00005b6e        0xc ./board/clock_config.o
                0x00005b6e                BOARD_InitBootClocks
 .text.CLOCK_EnableClock
                0x00005b7a       0x34 ./board/pin_mux.o
 .text.PORT_SetPinMux
                0x00005bae       0x3a ./board/pin_mux.o
 .text.BOARD_InitBootPins
                0x00005be8        0xc ./board/pin_mux.o
                0x00005be8                BOARD_InitBootPins
 .text.__main   0x00005bf4        0xe C:/nxp/MCUXpressoIDE_25.6.136/ide/plugins/com.nxp.mcuxpresso.tools.win32_25.6.0.202501151204/tools/bin/../lib/gcc/arm-none-eabi/14.2.1/../../../../arm-none-eabi/lib/thumb/v7e-m+fp/hard\libcr_nohost_nf.a(_cr__main.o)
                0x00005bf4                __main
 .text.memcpy   0x00005c02        0x4 C:/nxp/MCUXpressoIDE_25.6.136/ide/plugins/com.nxp.mcuxpresso.tools.win32_25.6.0.202501151204/tools/bin/../lib/gcc/arm-none-eabi/14.2.1/../../../../arm-none-eabi/lib/thumb/v7e-m+fp/hard\libcr_c.a(memcpy.o)
                0x00005c02                memcpy
 .text.memset   0x00005c06        0x4 C:/nxp/MCUXpressoIDE_25.6.136/ide/plugins/com.nxp.mcuxpresso.tools.win32_25.6.0.202501151204/tools/bin/../lib/gcc/arm-none-eabi/14.2.1/../../../../arm-none-eabi/lib/thumb/v7e-m+fp/hard\libcr_c.a(memset.o)
                0x00005c06                memset
 .text.free     0x00005c0a       0x30 C:/nxp/MCUXpressoIDE_25.6.136/ide/plugins/com.nxp.mcuxpresso.tools.win32_25.6.0.202501151204/tools/bin/../lib/gcc/arm-none-eabi/14.2.1/../../../../arm-none-eabi/lib/thumb/v7e-m+fp/hard\libcr_c.a(alloc.o)
                0x00005c0a                free
 .text.memcmp   0x00005c3a       0x44 C:/nxp/MCUXpressoIDE_25.6.136/ide/plugins/com.nxp.mcuxpresso.tools.win32_25.6.0.202501151204/tools/bin/../lib/gcc/arm-none-eabi/14.2.1/../../../../arm-none-eabi/lib/thumb/v7e-m+fp/hard\libcr_c.a(memcmp.o)
                0x00005c3a                memcmp
 .text.setvbuf  0x00005c7e       0x3e C:/nxp/MCUXpressoIDE_25.6.136/ide/plugins/com.nxp.mcuxpresso.tools.win32_25.6.0.202501151204/tools/bin/../lib/gcc/arm-none-eabi/14.2.1/../../../../arm-none-eabi/lib/thumb/v7e-m+fp/hard\libcr_c.a(setvbuf.o)
                0x00005c7e                setvbuf
 .text.strlen   0x00005cbc       0x4e C:/nxp/MCUXpressoIDE_25.6.136/ide/plugins/com.nxp.mcuxpresso.tools.win32_25.6.0.202501151204/tools/bin/../lib/gcc/arm-none-eabi/14.2.1/../../../../arm-none-eabi/lib/thumb/v7e-m+fp/hard\libcr_c.a(strlen.o)
                0x00005cbc                strlen
 .text._fdopen  0x00005d0a       0x68 C:/nxp/MCUXpressoIDE_25.6.136/ide/plugins/com.nxp.mcuxpresso.tools.win32_25.6.0.202501151204/tools/bin/../lib/gcc/arm-none-eabi/14.2.1/../../../../arm-none-eabi/lib/thumb/v7e-m+fp/hard\libcr_c.a(_fdopen.o)
                0x00005d0a                _fdopen
 .text.fclose   0x00005d72       0x58 C:/nxp/MCUXpressoIDE_25.6.136/ide/plugins/com.nxp.mcuxpresso.tools.win32_25.6.0.202501151204/tools/bin/../lib/gcc/arm-none-eabi/14.2.1/../../../../arm-none-eabi/lib/thumb/v7e-m+fp/hard\libcr_c.a(fclose.o)
                0x00005d72                fclose
 .text.remove   0x00005dca       0x14 C:/nxp/MCUXpressoIDE_25.6.136/ide/plugins/com.nxp.mcuxpresso.tools.win32_25.6.0.202501151204/tools/bin/../lib/gcc/arm-none-eabi/14.2.1/../../../../arm-none-eabi/lib/thumb/v7e-m+fp/hard\libcr_c.a(remove.o)
                0x00005dca                remove
 .text._do_fflush
                0x00005dde       0x40 C:/nxp/MCUXpressoIDE_25.6.136/ide/plugins/com.nxp.mcuxpresso.tools.win32_25.6.0.202501151204/tools/bin/../lib/gcc/arm-none-eabi/14.2.1/../../../../arm-none-eabi/lib/thumb/v7e-m+fp/hard\libcr_c.a(_do_fflush.o)
                0x00005dde                _do_fflush
 .text._fflush  0x00005e1e       0x52 C:/nxp/MCUXpressoIDE_25.6.136/ide/plugins/com.nxp.mcuxpresso.tools.win32_25.6.0.202501151204/tools/bin/../lib/gcc/arm-none-eabi/14.2.1/../../../../arm-none-eabi/lib/thumb/v7e-m+fp/hard\libcr_c.a(_fflush.o)
                0x00005e1e                _fflush
 .text._deferredlazyseek
                0x00005e70       0x40 C:/nxp/MCUXpressoIDE_25.6.136/ide/plugins/com.nxp.mcuxpresso.tools.win32_25.6.0.202501151204/tools/bin/../lib/gcc/arm-none-eabi/14.2.1/../../../../arm-none-eabi/lib/thumb/v7e-m+fp/hard\libcr_c.a(_deferredlazyseek.o)
                0x00005e70                _deferredlazyseek
 .text.__aeabi_division_ldivmod
                0x00005eb0       0x26 C:/nxp/MCUXpressoIDE_25.6.136/ide/plugins/com.nxp.mcuxpresso.tools.win32_25.6.0.202501151204/tools/bin/../lib/gcc/arm-none-eabi/14.2.1/thumb/v7e-m+fp/hard\libcr_eabihelpers.a(division_64.o)
                0x00005eb0                __aeabi_ldivmod
 .text.__aeabi_division_uldivmod
                0x00005ed6      0x174 C:/nxp/MCUXpressoIDE_25.6.136/ide/plugins/com.nxp.mcuxpresso.tools.win32_25.6.0.202501151204/tools/bin/../lib/gcc/arm-none-eabi/14.2.1/thumb/v7e-m+fp/hard\libcr_eabihelpers.a(division_64.o)
                0x00005ed6                __aeabi_uldivmod
                0x00005eda                __bhs_ldivmod1
 .text.__aeabi_division_idiv0
                0x0000604a        0x2 C:/nxp/MCUXpressoIDE_25.6.136/ide/plugins/com.nxp.mcuxpresso.tools.win32_25.6.0.202501151204/tools/bin/../lib/gcc/arm-none-eabi/14.2.1/thumb/v7e-m+fp/hard\libcr_eabihelpers.a(division_idiv0.o)
                0x0000604a                __aeabi_idiv0
 .text.__aeabi_memcpy
                0x0000604c       0x34 C:/nxp/MCUXpressoIDE_25.6.136/ide/plugins/com.nxp.mcuxpresso.tools.win32_25.6.0.202501151204/tools/bin/../lib/gcc/arm-none-eabi/14.2.1/thumb/v7e-m+fp/hard\libcr_eabihelpers.a(memcpy.o)
                0x0000604c                __aeabi_memcpy
                0x00006056                __aeabi_memcpy8
                0x00006056                __aeabi_memcpy4
 .text.__aeabi_memset_lowlevel
                0x00006080       0x32 C:/nxp/MCUXpressoIDE_25.6.136/ide/plugins/com.nxp.mcuxpresso.tools.win32_25.6.0.202501151204/tools/bin/../lib/gcc/arm-none-eabi/14.2.1/thumb/v7e-m+fp/hard\libcr_eabihelpers.a(memcpy.o)
                0x00006080                __aeabi_lowlevel_memset
 .text.__sys_close
                0x000060b2        0x6 C:/nxp/MCUXpressoIDE_25.6.136/ide/plugins/com.nxp.mcuxpresso.tools.win32_25.6.0.202501151204/tools/bin/../lib/gcc/arm-none-eabi/14.2.1/../../../../arm-none-eabi/lib/thumb/v7e-m+fp/hard\libcr_nohost_nf.a(__sys_close.o)
                0x000060b2                __sys_close
 .text.__sys_flen
                0x000060b8        0x6 C:/nxp/MCUXpressoIDE_25.6.136/ide/plugins/com.nxp.mcuxpresso.tools.win32_25.6.0.202501151204/tools/bin/../lib/gcc/arm-none-eabi/14.2.1/../../../../arm-none-eabi/lib/thumb/v7e-m+fp/hard\libcr_nohost_nf.a(__sys_flen.o)
                0x000060b8                __sys_flen
 .text.__sys_istty
                0x000060be        0x6 C:/nxp/MCUXpressoIDE_25.6.136/ide/plugins/com.nxp.mcuxpresso.tools.win32_25.6.0.202501151204/tools/bin/../lib/gcc/arm-none-eabi/14.2.1/../../../../arm-none-eabi/lib/thumb/v7e-m+fp/hard\libcr_nohost_nf.a(__sys_istty.o)
                0x000060be                __sys_istty
 .text.__sys_remove
                0x000060c4        0x6 C:/nxp/MCUXpressoIDE_25.6.136/ide/plugins/com.nxp.mcuxpresso.tools.win32_25.6.0.202501151204/tools/bin/../lib/gcc/arm-none-eabi/14.2.1/../../../../arm-none-eabi/lib/thumb/v7e-m+fp/hard\libcr_nohost_nf.a(__sys_remove.o)
                0x000060c4                __sys_remove
 .text.__sys_seek
                0x000060ca        0x6 C:/nxp/MCUXpressoIDE_25.6.136/ide/plugins/com.nxp.mcuxpresso.tools.win32_25.6.0.202501151204/tools/bin/../lib/gcc/arm-none-eabi/14.2.1/../../../../arm-none-eabi/lib/thumb/v7e-m+fp/hard\libcr_nohost_nf.a(__sys_seek.o)
                0x000060ca                __sys_seek
 .text.__sys_tmpnam
                0x000060d0        0x6 C:/nxp/MCUXpressoIDE_25.6.136/ide/plugins/com.nxp.mcuxpresso.tools.win32_25.6.0.202501151204/tools/bin/../lib/gcc/arm-none-eabi/14.2.1/../../../../arm-none-eabi/lib/thumb/v7e-m+fp/hard\libcr_nohost_nf.a(__sys_tmpnam.o)
                0x000060d0                __sys_tmpnam
 .text.__sys_write
                0x000060d6        0x4 C:/nxp/MCUXpressoIDE_25.6.136/ide/plugins/com.nxp.mcuxpresso.tools.win32_25.6.0.202501151204/tools/bin/../lib/gcc/arm-none-eabi/14.2.1/../../../../arm-none-eabi/lib/thumb/v7e-m+fp/hard\libcr_nohost_nf.a(__sys_write.o)
                0x000060d6                __sys_write
 *(SORT_BY_ALIGNMENT(.rodata) SORT_BY_ALIGNMENT(.rodata.*) SORT_BY_ALIGNMENT(.constdata) SORT_BY_ALIGNMENT(.constdata.*))
 *fill*         0x000060da        0x2 ff
 .rodata.__assertion_failed.str1.4
                0x000060dc     0x10b2 ./utilities/fsl_assert.o
                                 0x14 (size before relaxing)
 *fill*         0x0000718e        0x2 ff
 .rodata.AES_KEY
                0x00007190       0x10 ./source/Functions.o
 .rodata.send.str1.4
                0x000071a0       0x40 ./source/Functions.o
 .rodata.init.str1.4
                0x000071a0       0xa7 ./source/Functions.o
 .rodata        0x000071a0       0x20 ./source/Functions.o
 .rodata.recv.str1.4
                0x000071c0       0x5f ./source/Functions.o
 .rodata.MAC_ADDR.0
                0x000071c0        0x6 ./source/Functions.o
 .rodata.main.str1.4
                0x000071c6      0x194 ./source/Practica_1.o
 *fill*         0x000071c6        0x2 ff
 .rodata        0x000071c8       0x40 ./source/Practica_1.o
 .rodata.sbox   0x00007208      0x100 ./source/aes.o
 .rodata.Rcon   0x00007308        0xb ./source/aes.o
 *fill*         0x00007313        0x1 ff
 .rodata.phyksz8081_ops
                0x00007314       0x20 ./phy/fsl_phyksz8081.o
                0x00007314                phyksz8081_ops
 .rodata.PHY_KSZ8081_Init.str1.4
                0x00007334       0x37 ./phy/fsl_phyksz8081.o
 .rodata.PHY_KSZ8081_GetAutoNegotiationStatus.str1.4
                0x00007334       0x1e ./phy/fsl_phyksz8081.o
 .rodata.PHY_KSZ8081_GetLinkStatus.str1.4
                0x00007334       0x1e ./phy/fsl_phyksz8081.o
 .rodata.PHY_KSZ8081_GetLinkSpeedDuplex.str1.4
                0x00007334       0x3e ./phy/fsl_phyksz8081.o
 .rodata.PHY_KSZ8081_SetLinkSpeedDuplex.str1.4
                0x00007334       0x2f ./phy/fsl_phyksz8081.o
 .rodata.PHY_KSZ8081_EnableLoopback.str1.4
                0x00007334       0x8f ./phy/fsl_phyksz8081.o
 .rodata.enet_ops
                0x00007334       0x14 ./mdio/fsl_enet_mdio.o
                0x00007334                enet_ops
 .rodata.ENET_MDIO_Read.str1.4
                0x00007348       0x25 ./mdio/fsl_enet_mdio.o
 .rodata.CLOCK_GetMcgExtClkFreq.str1.4
                0x00007348       0x49 ./drivers/fsl_clock.o
 .rodata.CLOCK_GetOsc0ErClkFreq.str1.4
                0x00007348       0x1e ./drivers/fsl_clock.o
 .rodata.CLOCK_GetEr32kClkFreq.str1.4
                0x00007348       0x1f ./drivers/fsl_clock.o
 .rodata.CLOCK_GetPll0Freq.str1.4
                0x00007348       0x1d ./drivers/fsl_clock.o
 .rodata.CLOCK_EnablePll0.str1.4
                0x00007348       0x1a ./drivers/fsl_clock.o
 .rodata.CLOCK_SetPbeMode.str1.4
                0x00007348       0x1a ./drivers/fsl_clock.o
 .rodata.CLOCK_BootToPeeMode.str1.4
                0x00007348       0x1a ./drivers/fsl_clock.o
 .rodata.fllFactorTable.1
                0x00007348       0x10 ./drivers/fsl_clock.o
 .rodata.SDK_DelayAtLeastUs.str1.4
                0x00007358       0x2b ./drivers/fsl_common_arm.o
 .rodata.s_enetClock
                0x00007358        0x4 ./drivers/fsl_enet.o
                0x00007358                s_enetClock
 .rodata.ENET_GetInstance.str1.4
                0x0000735c       0x34 ./drivers/fsl_enet.o
 .rodata.ENET_GetDefaultConfig.str1.4
                0x0000735c       0x20 ./drivers/fsl_enet.o
 .rodata.ENET_Up.str1.4
                0x0000735c       0xe0 ./drivers/fsl_enet.o
 .rodata.ENET_SetHandler.str1.4
                0x0000735c       0x58 ./drivers/fsl_enet.o
 .rodata.ENET_SetTxBufferDescriptors.str1.4
                0x0000735c       0x46 ./drivers/fsl_enet.o
 .rodata.ENET_SetRxBufferDescriptors.str1.4
                0x0000735c       0x8c ./drivers/fsl_enet.o
 .rodata.ENET_RxBufferAllocAll.str1.4
                0x0000735c       0x6b ./drivers/fsl_enet.o
 .rodata.ENET_RxBufferFreeAll.str1.4
                0x0000735c       0x67 ./drivers/fsl_enet.o
 .rodata.ENET_ActiveReadRing.str1.4
                0x0000735c       0x64 ./drivers/fsl_enet.o
 .rodata.ENET_ActiveSendRing.str1.4
                0x0000735c       0x4b ./drivers/fsl_enet.o
 .rodata.ENET_SetSMI.str1.4
                0x0000735c       0x45 ./drivers/fsl_enet.o
 .rodata.ENET_IncreaseIndex.str1.4
                0x0000735c       0x1e ./drivers/fsl_enet.o
 .rodata.ENET_GetRxErrBeforeReadFrame.str1.4
                0x0000735c       0x87 ./drivers/fsl_enet.o
 .rodata.ENET_GetRxFrameSize.str1.4
                0x0000735c       0x83 ./drivers/fsl_enet.o
 .rodata.ENET_ReadFrame.str1.4
                0x0000735c       0x6f ./drivers/fsl_enet.o
 .rodata.ENET_UpdateReadBuffers.str1.4
                0x0000735c       0x6f ./drivers/fsl_enet.o
 .rodata.ENET_SendFrame.str1.4
                0x0000735c       0x8f ./drivers/fsl_enet.o
 .rodata.ENET_ReclaimTxDescriptor.str1.4
                0x0000735c       0x4b ./drivers/fsl_enet.o
 .rodata.ENET_TransmitIRQHandler.str1.4
                0x0000735c       0x21 ./drivers/fsl_enet.o
 .rodata.ENET_ReceiveIRQHandler.str1.4
                0x0000735c       0x21 ./drivers/fsl_enet.o
 .rodata.ENET_ErrorIRQHandler.str1.4
                0x0000735c       0x21 ./drivers/fsl_enet.o
 .rodata.s_uartBases
                0x0000735c       0x18 ./drivers/fsl_uart.o
 .rodata.s_uartClock
                0x00007374       0x18 ./drivers/fsl_uart.o
 .rodata.UART_GetInstance.str1.4
                0x0000738c       0x2b ./drivers/fsl_uart.o
 .rodata.UART_Init.str1.4
                0x0000738c       0xfb ./drivers/fsl_uart.o
 .rodata.UART_GetDefaultConfig.str1.4
                0x0000738c       0x20 ./drivers/fsl_uart.o
 .rodata.UART_ReadBlocking.str1.4
                0x0000738c       0x1e ./drivers/fsl_uart.o
 .rodata.s_UartAdapterBase
                0x0000738c       0x18 ./component/uart/fsl_adapter_uart.o
 .rodata.HAL_UartInit.str1.4
                0x000073a4       0xdd ./component/uart/fsl_adapter_uart.o
 .rodata.HAL_UartReceiveBlocking.str1.4
                0x000073a4       0x60 ./component/uart/fsl_adapter_uart.o
 .rodata.HAL_UartSendBlocking.str1.4
                0x000073a4       0x60 ./component/uart/fsl_adapter_uart.o
 .rodata.mcgConfig_BOARD_BootClockRUN
                0x000073a4        0xb ./board/clock_config.o
                0x000073a4                mcgConfig_BOARD_BootClockRUN
 *fill*         0x000073af        0x1 ff
 .rodata.simConfig_BOARD_BootClockRUN
                0x000073b0        0x8 ./board/clock_config.o
                0x000073b0                simConfig_BOARD_BootClockRUN
 .rodata.oscConfig_BOARD_BootClockRUN
                0x000073b8        0x8 ./board/clock_config.o
                0x000073b8                oscConfig_BOARD_BootClockRUN
 .rodata.PORT_SetPinConfig.str1.4
                0x000073c0       0x6e ./board/pin_mux.o
 .rodata.__num_Ciob_streams
                0x000073c0        0x4 C:/nxp/MCUXpressoIDE_25.6.136/ide/plugins/com.nxp.mcuxpresso.tools.win32_25.6.0.202501151204/tools/bin/../lib/gcc/arm-none-eabi/14.2.1/../../../../arm-none-eabi/lib/thumb/v7e-m+fp/hard\libcr_nohost_nf.a(__ciob.o)
                0x000073c0                __num_Ciob_streams
 .rodata._initio.str1.1
                0x000073c4        0x4 C:/nxp/MCUXpressoIDE_25.6.136/ide/plugins/com.nxp.mcuxpresso.tools.win32_25.6.0.202501151204/tools/bin/../lib/gcc/arm-none-eabi/14.2.1/../../../../arm-none-eabi/lib/thumb/v7e-m+fp/hard\libcr_c.a(initio.o)
                0x00007430                        . = ALIGN (0x8)

.glue_7         0x000073c8        0x0
 .glue_7        0x000073c8        0x0 linker stubs

.glue_7t        0x000073c8        0x0
 .glue_7t       0x000073c8        0x0 linker stubs

.vfp11_veneer   0x000073c8        0x0
 .vfp11_veneer  0x000073c8        0x0 linker stubs

.v4_bx          0x000073c8        0x0
 .v4_bx         0x000073c8        0x0 linker stubs

.iplt           0x000073c8        0x0
 .iplt          0x000073c8        0x0 ./utilities/fsl_assert.o

.rel.dyn        0x000073c8        0x0
 .rel.iplt      0x000073c8        0x0 ./utilities/fsl_assert.o

.ARM.extab
 *(SORT_BY_ALIGNMENT(.ARM.extab*) SORT_BY_ALIGNMENT(.gnu.linkonce.armextab.*))

.ARM.exidx      0x000073c8        0x0
                0x000073c8                        __exidx_start = .
 *(SORT_BY_ALIGNMENT(.ARM.exidx*) SORT_BY_ALIGNMENT(.gnu.linkonce.armexidx.*))
                0x000073c8                        __exidx_end = .
                0x000073c8                        _etext = .

.m_usb_data
 *(SORT_BY_ALIGNMENT(m_usb_bdt))

.data_RAM2      0x1fff0000        0x0 load address 0x000073c8
 FILL mask 0xff
                [!provide]                        PROVIDE (__start_data_RAM2 = .)
                [!provide]                        PROVIDE (__start_data_SRAM_LOWER = .)
 *(SORT_BY_ALIGNMENT(.ramfunc.$RAM2))
 *(SORT_BY_ALIGNMENT(.ramfunc.$SRAM_LOWER))
 *(SORT_BY_ALIGNMENT(.data.$RAM2))
 *(SORT_BY_ALIGNMENT(.data.$SRAM_LOWER))
 *(SORT_BY_ALIGNMENT(.data.$RAM2.*))
 *(SORT_BY_ALIGNMENT(.data.$SRAM_LOWER.*))
                0x1fff0000                        . = ALIGN (0x8)
                [!provide]                        PROVIDE (__end_data_RAM2 = .)
                [!provide]                        PROVIDE (__end_data_SRAM_LOWER = .)

.data_RAM3      0x14000000        0x0 load address 0x000073c8
 FILL mask 0xff
                [!provide]                        PROVIDE (__start_data_RAM3 = .)
                [!provide]                        PROVIDE (__start_data_FLEX_RAM = .)
 *(SORT_BY_ALIGNMENT(.ramfunc.$RAM3))
 *(SORT_BY_ALIGNMENT(.ramfunc.$FLEX_RAM))
 *(SORT_BY_ALIGNMENT(.data.$RAM3))
 *(SORT_BY_ALIGNMENT(.data.$FLEX_RAM))
 *(SORT_BY_ALIGNMENT(.data.$RAM3.*))
 *(SORT_BY_ALIGNMENT(.data.$FLEX_RAM.*))
                0x14000000                        . = ALIGN (0x8)
                [!provide]                        PROVIDE (__end_data_RAM3 = .)
                [!provide]                        PROVIDE (__end_data_FLEX_RAM = .)

.uninit_RESERVED
                0x20000000        0x0
                0x20000000                        _start_uninit_RESERVED = .
 *(SORT_BY_ALIGNMENT(.bss.$RESERVED*))
                0x20000000                        . = ALIGN (0x8)
                0x20000000                        _end_uninit_RESERVED = .

.data           0x20000000       0x38 load address 0x000073c8
 FILL mask 0xff
                0x20000000                        _data = .
                [!provide]                        PROVIDE (__start_data_RAM = .)
                [!provide]                        PROVIDE (__start_data_SRAM_UPPER = .)
 *(SORT_BY_ALIGNMENT(vtable))
 *(SORT_BY_ALIGNMENT(.ramfunc*))
 *(SORT_BY_ALIGNMENT(CodeQuickAccess))
 *(SORT_BY_ALIGNMENT(DataQuickAccess))
 *(SORT_BY_ALIGNMENT(RamFunction))
 *(SORT_BY_ALIGNMENT(.data*))
 .data.g_macAddr
                0x20000000        0x6 ./source/Functions.o
                0x20000000                g_macAddr
 *fill*         0x20000006        0x2 ff
 .data.g_macdest
                0x20000008        0x6 ./source/Functions.o
                0x20000008                g_macdest
 *fill*         0x2000000e        0x2 ff
 .data.mdioHandle
                0x20000010        0xc ./source/Functions.o
 .data.phyHandle
                0x2000001c        0xc ./source/Functions.o
 .data.s_slowIrcFreq
                0x20000028        0x4 ./drivers/fsl_clock.o
 .data.s_fastIrcFreq
                0x2000002c        0x4 ./drivers/fsl_clock.o
 .data.SystemCoreClock
                0x20000030        0x4 ./device/system_MK64F12.o
                0x20000030                SystemCoreClock
                0x20000038                        . = ALIGN (0x8)
 *fill*         0x20000034        0x4 ff
                0x20000038                        _edata = .
                [!provide]                        PROVIDE (__end_data_RAM = .)
                [!provide]                        PROVIDE (__end_data_SRAM_UPPER = .)

.igot.plt       0x20000038        0x0 load address 0x00007400
 .igot.plt      0x20000038        0x0 ./utilities/fsl_assert.o

.bss_RAM2       0x1fff0000        0x0
                [!provide]                        PROVIDE (__start_bss_RAM2 = .)
                [!provide]                        PROVIDE (__start_bss_SRAM_LOWER = .)
 *(SORT_BY_ALIGNMENT(.bss.$RAM2))
 *(SORT_BY_ALIGNMENT(.bss.$SRAM_LOWER))
 *(SORT_BY_ALIGNMENT(.bss.$RAM2.*))
 *(SORT_BY_ALIGNMENT(.bss.$SRAM_LOWER.*))
                0x1fff0000                        . = ALIGN ((. != 0x0)?0x8:0x1)
                [!provide]                        PROVIDE (__end_bss_RAM2 = .)
                [!provide]                        PROVIDE (__end_bss_SRAM_LOWER = .)

.bss_RAM3       0x14000000        0x0
                [!provide]                        PROVIDE (__start_bss_RAM3 = .)
                [!provide]                        PROVIDE (__start_bss_FLEX_RAM = .)
 *(SORT_BY_ALIGNMENT(.bss.$RAM3))
 *(SORT_BY_ALIGNMENT(.bss.$FLEX_RAM))
 *(SORT_BY_ALIGNMENT(.bss.$RAM3.*))
 *(SORT_BY_ALIGNMENT(.bss.$FLEX_RAM.*))
                0x14000000                        . = ALIGN ((. != 0x0)?0x8:0x1)
                [!provide]                        PROVIDE (__end_bss_RAM3 = .)
                [!provide]                        PROVIDE (__end_bss_FLEX_RAM = .)

.bss            0x20000040     0x3748
                0x20000040                        _bss = .
                [!provide]                        PROVIDE (__start_bss_RAM = .)
                [!provide]                        PROVIDE (__start_bss_SRAM_UPPER = .)
 *(SORT_BY_ALIGNMENT(.bss*))
 .bss.g_rxBuffDescrip
                0x20000040       0x20 ./source/Functions.o
                0x20000040                g_rxBuffDescrip
 .bss.g_txBuffDescrip
                0x20000060       0x20 ./source/Functions.o
                0x20000060                g_txBuffDescrip
 .bss.g_rxDataBuff
                0x20000080     0x17c0 ./source/Functions.o
                0x20000080                g_rxDataBuff
 .bss.g_txDataBuff
                0x20001840     0x17c0 ./source/Functions.o
                0x20001840                g_txDataBuff
 .bss.s_debugConsole
                0x20003000       0x14 ./utilities/fsl_debug_console.o
 .bss.testTxNum
                0x20003014        0x4 ./source/Functions.o
                0x20003014                testTxNum
 .bss.g_handle  0x20003018       0x84 ./source/Functions.o
                0x20003018                g_handle
 .bss.g_frame   0x2000309c      0x5ee ./source/Functions.o
                0x2000309c                g_frame
 *fill*         0x2000368a        0x2 
 .bss.g_xtal0Freq
                0x2000368c        0x4 ./drivers/fsl_clock.o
                0x2000368c                g_xtal0Freq
 .bss.g_xtal32Freq
                0x20003690        0x4 ./drivers/fsl_clock.o
                0x20003690                g_xtal32Freq
 .bss.s_ENETHandle
                0x20003694        0x4 ./drivers/fsl_enet.o
 .bss.s_enetTxIsr
                0x20003698        0x4 ./drivers/fsl_enet.o
 .bss.s_enetRxIsr
                0x2000369c        0x4 ./drivers/fsl_enet.o
 .bss.s_enetErrIsr
                0x200036a0        0x4 ./drivers/fsl_enet.o
 .bss.s_enet1588TimerIsr
                0x200036a4        0x4 ./drivers/fsl_enet.o
 .bss.s_uartHandle
                0x200036a8       0x18 ./drivers/fsl_uart.o
                0x200036a8                s_uartHandle
 .bss.s_uartIsr
                0x200036c0        0x4 ./drivers/fsl_uart.o
                0x200036c0                s_uartIsr
 .bss.__end_of_heap
                0x200036c4        0x4 C:/nxp/MCUXpressoIDE_25.6.136/ide/plugins/com.nxp.mcuxpresso.tools.win32_25.6.0.202501151204/tools/bin/../lib/gcc/arm-none-eabi/14.2.1/../../../../arm-none-eabi/lib/thumb/v7e-m+fp/hard\libcr_c.a(__init_alloc.o)
                0x200036c4                __end_of_heap
 .bss.__heaps   0x200036c8        0x4 C:/nxp/MCUXpressoIDE_25.6.136/ide/plugins/com.nxp.mcuxpresso.tools.win32_25.6.0.202501151204/tools/bin/../lib/gcc/arm-none-eabi/14.2.1/../../../../arm-none-eabi/lib/thumb/v7e-m+fp/hard\libcr_c.a(__init_alloc.o)
                0x200036c8                __heaps
 .bss.errno     0x200036cc        0x4 C:/nxp/MCUXpressoIDE_25.6.136/ide/plugins/com.nxp.mcuxpresso.tools.win32_25.6.0.202501151204/tools/bin/../lib/gcc/arm-none-eabi/14.2.1/../../../../arm-none-eabi/lib/thumb/v7e-m+fp/hard\libcr_c.a(errno.o)
                0x200036cc                errno
 .bss.__Ciob    0x200036d0       0xb4 C:/nxp/MCUXpressoIDE_25.6.136/ide/plugins/com.nxp.mcuxpresso.tools.win32_25.6.0.202501151204/tools/bin/../lib/gcc/arm-none-eabi/14.2.1/../../../../arm-none-eabi/lib/thumb/v7e-m+fp/hard\libcr_nohost_nf.a(__ciob.o)
                0x200036d0                __Ciob
 .bss.link      0x20003784        0x1 ./source/Functions.o
                0x20003784                link
 *(SORT_BY_ALIGNMENT(COMMON))
                0x20003788                        . = ALIGN (0x8)
 *fill*         0x20003785        0x3 
                0x20003788                        _ebss = .
                [!provide]                        PROVIDE (__end_bss_RAM = .)
                [!provide]                        PROVIDE (__end_bss_SRAM_UPPER = .)
                [!provide]                        PROVIDE (end = .)

.noinit_RAM2    0x1fff0000        0x0
                [!provide]                        PROVIDE (__start_noinit_RAM2 = .)
                [!provide]                        PROVIDE (__start_noinit_SRAM_LOWER = .)
 *(SORT_BY_ALIGNMENT(.noinit.$RAM2))
 *(SORT_BY_ALIGNMENT(.noinit.$SRAM_LOWER))
 *(SORT_BY_ALIGNMENT(.noinit.$RAM2.*))
 *(SORT_BY_ALIGNMENT(.noinit.$SRAM_LOWER.*))
                0x1fff0000                        . = ALIGN (0x8)
                [!provide]                        PROVIDE (__end_noinit_RAM2 = .)
                [!provide]                        PROVIDE (__end_noinit_SRAM_LOWER = .)

.noinit_RAM3    0x14000000        0x0
                [!provide]                        PROVIDE (__start_noinit_RAM3 = .)
                [!provide]                        PROVIDE (__start_noinit_FLEX_RAM = .)
 *(SORT_BY_ALIGNMENT(.noinit.$RAM3))
 *(SORT_BY_ALIGNMENT(.noinit.$FLEX_RAM))
 *(SORT_BY_ALIGNMENT(.noinit.$RAM3.*))
 *(SORT_BY_ALIGNMENT(.noinit.$FLEX_RAM.*))
                0x14000000                        . = ALIGN (0x8)
                [!provide]                        PROVIDE (__end_noinit_RAM3 = .)
                [!provide]                        PROVIDE (__end_noinit_FLEX_RAM = .)

.noinit         0x20003788        0x0
                0x20003788                        _noinit = .
                [!provide]                        PROVIDE (__start_noinit_RAM = .)
                [!provide]                        PROVIDE (__start_noinit_SRAM_UPPER = .)
 *(SORT_BY_ALIGNMENT(.noinit*))
                0x20003788                        . = ALIGN (0x8)
                0x20003788                        _end_noinit = .
                [!provide]                        PROVIDE (__end_noinit_RAM = .)
                [!provide]                        PROVIDE (__end_noinit_SRAM_UPPER = .)
                0x00001000                        _HeapSize = 0x1000

.heap           0x20003788     0x1000
                0x20003788                        _pvHeapStart = .
                0x20004788                        . = (. + _HeapSize)
 *fill*         0x20003788     0x1000 
                0x20004788                        . = ALIGN (0x8)
                0x20004788                        _pvHeapLimit = .
                0x00001000                        _StackSize = 0x1000

.heap2stackfill
                0x20004788     0x1000
                0x20005788                        . = (. + _StackSize)
 *fill*         0x20004788     0x1000 

.stack          0x2002f000        0x0
                0x2002f000                        _vStackBase = .
                0x2002f000                        . = ALIGN (0x8)
                0x20030000                        _vStackTop = (. + _StackSize)
                0x00000000                        _image_start = LOADADDR (.text)
                0x00007400                        _image_end = (LOADADDR (.data) + SIZEOF (.data))
                0x00007400                        _image_size = (_image_end - _image_start)
OUTPUT(Practica1_NuevaCapa.axf elf32-littlearm)
LOAD linker stubs

.debug_info     0x00000000    0x13421
 .debug_info    0x00000000       0xc5 ./utilities/fsl_assert.o
 .debug_info    0x000000c5      0xe03 ./utilities/fsl_debug_console.o
 .debug_info    0x00000ec8      0xd01 ./startup/startup_mk64f12.o
 .debug_info    0x00001bc9     0x1ec8 ./source/Functions.o
 .debug_info    0x00003a91      0x2be ./source/Practica_1.o
 .debug_info    0x00003d4f      0x7ba ./source/aes.o
 .debug_info    0x00004509       0x3c ./source/semihost_hardfault.o
 .debug_info    0x00004545      0xb73 ./phy/fsl_phyksz8081.o
 .debug_info    0x000050b8     0x118e ./mdio/fsl_enet_mdio.o
 .debug_info    0x00006246     0x21e2 ./drivers/fsl_clock.o
 .debug_info    0x00008428      0x10d ./drivers/fsl_common_arm.o
 .debug_info    0x00008535     0x39a0 ./drivers/fsl_enet.o
 .debug_info    0x0000bed5     0x1fcf ./drivers/fsl_uart.o
 .debug_info    0x0000dea4      0x649 ./device/system_MK64F12.o
 .debug_info    0x0000e4ed      0xb37 ./component/uart/fsl_adapter_uart.o
 .debug_info    0x0000f024      0x11f ./board/board.o
 .debug_info    0x0000f143      0xcba ./board/clock_config.o
 .debug_info    0x0000fdfd      0x812 ./board/pin_mux.o
 .debug_info    0x0001060f       0x85 C:/nxp/MCUXpressoIDE_25.6.136/ide/plugins/com.nxp.mcuxpresso.tools.win32_25.6.0.202501151204/tools/bin/../lib/gcc/arm-none-eabi/14.2.1/../../../../arm-none-eabi/lib/thumb/v7e-m+fp/hard\libcr_nohost_nf.a(_cr__main.o)
 .debug_info    0x00010694      0x12b C:/nxp/MCUXpressoIDE_25.6.136/ide/plugins/com.nxp.mcuxpresso.tools.win32_25.6.0.202501151204/tools/bin/../lib/gcc/arm-none-eabi/14.2.1/../../../../arm-none-eabi/lib/thumb/v7e-m+fp/hard\libcr_c.a(memcpy.o)
 .debug_info    0x000107bf       0xfc C:/nxp/MCUXpressoIDE_25.6.136/ide/plugins/com.nxp.mcuxpresso.tools.win32_25.6.0.202501151204/tools/bin/../lib/gcc/arm-none-eabi/14.2.1/../../../../arm-none-eabi/lib/thumb/v7e-m+fp/hard\libcr_c.a(memset.o)
 .debug_info    0x000108bb      0x520 C:/nxp/MCUXpressoIDE_25.6.136/ide/plugins/com.nxp.mcuxpresso.tools.win32_25.6.0.202501151204/tools/bin/../lib/gcc/arm-none-eabi/14.2.1/../../../../arm-none-eabi/lib/thumb/v7e-m+fp/hard\libcr_c.a(alloc.o)
 .debug_info    0x00010ddb      0x339 C:/nxp/MCUXpressoIDE_25.6.136/ide/plugins/com.nxp.mcuxpresso.tools.win32_25.6.0.202501151204/tools/bin/../lib/gcc/arm-none-eabi/14.2.1/../../../../arm-none-eabi/lib/thumb/v7e-m+fp/hard\libcr_c.a(initio.o)
 .debug_info    0x00011114      0x115 C:/nxp/MCUXpressoIDE_25.6.136/ide/plugins/com.nxp.mcuxpresso.tools.win32_25.6.0.202501151204/tools/bin/../lib/gcc/arm-none-eabi/14.2.1/../../../../arm-none-eabi/lib/thumb/v7e-m+fp/hard\libcr_c.a(memcmp.o)
 .debug_info    0x00011229      0x1fd C:/nxp/MCUXpressoIDE_25.6.136/ide/plugins/com.nxp.mcuxpresso.tools.win32_25.6.0.202501151204/tools/bin/../lib/gcc/arm-none-eabi/14.2.1/../../../../arm-none-eabi/lib/thumb/v7e-m+fp/hard\libcr_c.a(setvbuf.o)
 .debug_info    0x00011426       0xe1 C:/nxp/MCUXpressoIDE_25.6.136/ide/plugins/com.nxp.mcuxpresso.tools.win32_25.6.0.202501151204/tools/bin/../lib/gcc/arm-none-eabi/14.2.1/../../../../arm-none-eabi/lib/thumb/v7e-m+fp/hard\libcr_c.a(strlen.o)
 .debug_info    0x00011507       0xd4 C:/nxp/MCUXpressoIDE_25.6.136/ide/plugins/com.nxp.mcuxpresso.tools.win32_25.6.0.202501151204/tools/bin/../lib/gcc/arm-none-eabi/14.2.1/../../../../arm-none-eabi/lib/thumb/v7e-m+fp/hard\libcr_c.a(__init_alloc.o)
 .debug_info    0x000115db      0x107 C:/nxp/MCUXpressoIDE_25.6.136/ide/plugins/com.nxp.mcuxpresso.tools.win32_25.6.0.202501151204/tools/bin/../lib/gcc/arm-none-eabi/14.2.1/../../../../arm-none-eabi/lib/thumb/v7e-m+fp/hard\libcr_c.a(_cr_sbrk.o)
 .debug_info    0x000116e2      0x24b C:/nxp/MCUXpressoIDE_25.6.136/ide/plugins/com.nxp.mcuxpresso.tools.win32_25.6.0.202501151204/tools/bin/../lib/gcc/arm-none-eabi/14.2.1/../../../../arm-none-eabi/lib/thumb/v7e-m+fp/hard\libcr_c.a(_fdopen.o)
 .debug_info    0x0001192d       0x44 C:/nxp/MCUXpressoIDE_25.6.136/ide/plugins/com.nxp.mcuxpresso.tools.win32_25.6.0.202501151204/tools/bin/../lib/gcc/arm-none-eabi/14.2.1/../../../../arm-none-eabi/lib/thumb/v7e-m+fp/hard\libcr_c.a(errno.o)
 .debug_info    0x00011971      0x31e C:/nxp/MCUXpressoIDE_25.6.136/ide/plugins/com.nxp.mcuxpresso.tools.win32_25.6.0.202501151204/tools/bin/../lib/gcc/arm-none-eabi/14.2.1/../../../../arm-none-eabi/lib/thumb/v7e-m+fp/hard\libcr_c.a(fclose.o)
 .debug_info    0x00011c8f      0x209 C:/nxp/MCUXpressoIDE_25.6.136/ide/plugins/com.nxp.mcuxpresso.tools.win32_25.6.0.202501151204/tools/bin/../lib/gcc/arm-none-eabi/14.2.1/../../../../arm-none-eabi/lib/thumb/v7e-m+fp/hard\libcr_c.a(fflush.o)
 .debug_info    0x00011e98      0x276 C:/nxp/MCUXpressoIDE_25.6.136/ide/plugins/com.nxp.mcuxpresso.tools.win32_25.6.0.202501151204/tools/bin/../lib/gcc/arm-none-eabi/14.2.1/../../../../arm-none-eabi/lib/thumb/v7e-m+fp/hard\libcr_c.a(fseek.o)
 .debug_info    0x0001210e      0x197 C:/nxp/MCUXpressoIDE_25.6.136/ide/plugins/com.nxp.mcuxpresso.tools.win32_25.6.0.202501151204/tools/bin/../lib/gcc/arm-none-eabi/14.2.1/../../../../arm-none-eabi/lib/thumb/v7e-m+fp/hard\libcr_c.a(ftell.o)
 .debug_info    0x000122a5      0x1d7 C:/nxp/MCUXpressoIDE_25.6.136/ide/plugins/com.nxp.mcuxpresso.tools.win32_25.6.0.202501151204/tools/bin/../lib/gcc/arm-none-eabi/14.2.1/../../../../arm-none-eabi/lib/thumb/v7e-m+fp/hard\libcr_c.a(remove.o)
 .debug_info    0x0001247c       0x78 C:/nxp/MCUXpressoIDE_25.6.136/ide/plugins/com.nxp.mcuxpresso.tools.win32_25.6.0.202501151204/tools/bin/../lib/gcc/arm-none-eabi/14.2.1/../../../../arm-none-eabi/lib/thumb/v7e-m+fp/hard\libcr_c.a(_cr_check_heap.o)
 .debug_info    0x000124f4      0x23a C:/nxp/MCUXpressoIDE_25.6.136/ide/plugins/com.nxp.mcuxpresso.tools.win32_25.6.0.202501151204/tools/bin/../lib/gcc/arm-none-eabi/14.2.1/../../../../arm-none-eabi/lib/thumb/v7e-m+fp/hard\libcr_c.a(_do_fflush.o)
 .debug_info    0x0001272e      0x1e3 C:/nxp/MCUXpressoIDE_25.6.136/ide/plugins/com.nxp.mcuxpresso.tools.win32_25.6.0.202501151204/tools/bin/../lib/gcc/arm-none-eabi/14.2.1/../../../../arm-none-eabi/lib/thumb/v7e-m+fp/hard\libcr_c.a(_fflush.o)
 .debug_info    0x00012911      0x289 C:/nxp/MCUXpressoIDE_25.6.136/ide/plugins/com.nxp.mcuxpresso.tools.win32_25.6.0.202501151204/tools/bin/../lib/gcc/arm-none-eabi/14.2.1/../../../../arm-none-eabi/lib/thumb/v7e-m+fp/hard\libcr_c.a(_writebuf.o)
 .debug_info    0x00012b9a      0x396 C:/nxp/MCUXpressoIDE_25.6.136/ide/plugins/com.nxp.mcuxpresso.tools.win32_25.6.0.202501151204/tools/bin/../lib/gcc/arm-none-eabi/14.2.1/../../../../arm-none-eabi/lib/thumb/v7e-m+fp/hard\libcr_c.a(_deferredlazyseek.o)
 .debug_info    0x00012f30      0x18b C:/nxp/MCUXpressoIDE_25.6.136/ide/plugins/com.nxp.mcuxpresso.tools.win32_25.6.0.202501151204/tools/bin/../lib/gcc/arm-none-eabi/14.2.1/../../../../arm-none-eabi/lib/thumb/v7e-m+fp/hard\libcr_nohost_nf.a(__ciob.o)
 .debug_info    0x000130bb       0x6a C:/nxp/MCUXpressoIDE_25.6.136/ide/plugins/com.nxp.mcuxpresso.tools.win32_25.6.0.202501151204/tools/bin/../lib/gcc/arm-none-eabi/14.2.1/../../../../arm-none-eabi/lib/thumb/v7e-m+fp/hard\libcr_nohost_nf.a(__sys_close.o)
 .debug_info    0x00013125       0x6a C:/nxp/MCUXpressoIDE_25.6.136/ide/plugins/com.nxp.mcuxpresso.tools.win32_25.6.0.202501151204/tools/bin/../lib/gcc/arm-none-eabi/14.2.1/../../../../arm-none-eabi/lib/thumb/v7e-m+fp/hard\libcr_nohost_nf.a(__sys_flen.o)
 .debug_info    0x0001318f       0x6a C:/nxp/MCUXpressoIDE_25.6.136/ide/plugins/com.nxp.mcuxpresso.tools.win32_25.6.0.202501151204/tools/bin/../lib/gcc/arm-none-eabi/14.2.1/../../../../arm-none-eabi/lib/thumb/v7e-m+fp/hard\libcr_nohost_nf.a(__sys_istty.o)
 .debug_info    0x000131f9       0x8a C:/nxp/MCUXpressoIDE_25.6.136/ide/plugins/com.nxp.mcuxpresso.tools.win32_25.6.0.202501151204/tools/bin/../lib/gcc/arm-none-eabi/14.2.1/../../../../arm-none-eabi/lib/thumb/v7e-m+fp/hard\libcr_nohost_nf.a(__sys_remove.o)
 .debug_info    0x00013283       0x78 C:/nxp/MCUXpressoIDE_25.6.136/ide/plugins/com.nxp.mcuxpresso.tools.win32_25.6.0.202501151204/tools/bin/../lib/gcc/arm-none-eabi/14.2.1/../../../../arm-none-eabi/lib/thumb/v7e-m+fp/hard\libcr_nohost_nf.a(__sys_seek.o)
 .debug_info    0x000132fb       0x93 C:/nxp/MCUXpressoIDE_25.6.136/ide/plugins/com.nxp.mcuxpresso.tools.win32_25.6.0.202501151204/tools/bin/../lib/gcc/arm-none-eabi/14.2.1/../../../../arm-none-eabi/lib/thumb/v7e-m+fp/hard\libcr_nohost_nf.a(__sys_tmpnam.o)
 .debug_info    0x0001338e       0x93 C:/nxp/MCUXpressoIDE_25.6.136/ide/plugins/com.nxp.mcuxpresso.tools.win32_25.6.0.202501151204/tools/bin/../lib/gcc/arm-none-eabi/14.2.1/../../../../arm-none-eabi/lib/thumb/v7e-m+fp/hard\libcr_nohost_nf.a(__sys_write.o)

.debug_abbrev   0x00000000     0x3e15
 .debug_abbrev  0x00000000       0x90 ./utilities/fsl_assert.o
 .debug_abbrev  0x00000090      0x285 ./utilities/fsl_debug_console.o
 .debug_abbrev  0x00000315      0x17a ./startup/startup_mk64f12.o
 .debug_abbrev  0x0000048f      0x310 ./source/Functions.o
 .debug_abbrev  0x0000079f      0x199 ./source/Practica_1.o
 .debug_abbrev  0x00000938      0x1fc ./source/aes.o
 .debug_abbrev  0x00000b34       0x31 ./source/semihost_hardfault.o
 .debug_abbrev  0x00000b65      0x1c0 ./phy/fsl_phyksz8081.o
 .debug_abbrev  0x00000d25      0x2b8 ./mdio/fsl_enet_mdio.o
 .debug_abbrev  0x00000fdd      0x378 ./drivers/fsl_clock.o
 .debug_abbrev  0x00001355       0xba ./drivers/fsl_common_arm.o
 .debug_abbrev  0x0000140f      0x428 ./drivers/fsl_enet.o
 .debug_abbrev  0x00001837      0x463 ./drivers/fsl_uart.o
 .debug_abbrev  0x00001c9a      0x148 ./device/system_MK64F12.o
 .debug_abbrev  0x00001de2      0x217 ./component/uart/fsl_adapter_uart.o
 .debug_abbrev  0x00001ff9       0xb8 ./board/board.o
 .debug_abbrev  0x000020b1      0x247 ./board/clock_config.o
 .debug_abbrev  0x000022f8      0x22e ./board/pin_mux.o
 .debug_abbrev  0x00002526       0x70 C:/nxp/MCUXpressoIDE_25.6.136/ide/plugins/com.nxp.mcuxpresso.tools.win32_25.6.0.202501151204/tools/bin/../lib/gcc/arm-none-eabi/14.2.1/../../../../arm-none-eabi/lib/thumb/v7e-m+fp/hard\libcr_nohost_nf.a(_cr__main.o)
 .debug_abbrev  0x00002596       0xb6 C:/nxp/MCUXpressoIDE_25.6.136/ide/plugins/com.nxp.mcuxpresso.tools.win32_25.6.0.202501151204/tools/bin/../lib/gcc/arm-none-eabi/14.2.1/../../../../arm-none-eabi/lib/thumb/v7e-m+fp/hard\libcr_c.a(memcpy.o)
 .debug_abbrev  0x0000264c       0xa8 C:/nxp/MCUXpressoIDE_25.6.136/ide/plugins/com.nxp.mcuxpresso.tools.win32_25.6.0.202501151204/tools/bin/../lib/gcc/arm-none-eabi/14.2.1/../../../../arm-none-eabi/lib/thumb/v7e-m+fp/hard\libcr_c.a(memset.o)
 .debug_abbrev  0x000026f4      0x284 C:/nxp/MCUXpressoIDE_25.6.136/ide/plugins/com.nxp.mcuxpresso.tools.win32_25.6.0.202501151204/tools/bin/../lib/gcc/arm-none-eabi/14.2.1/../../../../arm-none-eabi/lib/thumb/v7e-m+fp/hard\libcr_c.a(alloc.o)
 .debug_abbrev  0x00002978      0x169 C:/nxp/MCUXpressoIDE_25.6.136/ide/plugins/com.nxp.mcuxpresso.tools.win32_25.6.0.202501151204/tools/bin/../lib/gcc/arm-none-eabi/14.2.1/../../../../arm-none-eabi/lib/thumb/v7e-m+fp/hard\libcr_c.a(initio.o)
 .debug_abbrev  0x00002ae1       0x9d C:/nxp/MCUXpressoIDE_25.6.136/ide/plugins/com.nxp.mcuxpresso.tools.win32_25.6.0.202501151204/tools/bin/../lib/gcc/arm-none-eabi/14.2.1/../../../../arm-none-eabi/lib/thumb/v7e-m+fp/hard\libcr_c.a(memcmp.o)
 .debug_abbrev  0x00002b7e       0xe1 C:/nxp/MCUXpressoIDE_25.6.136/ide/plugins/com.nxp.mcuxpresso.tools.win32_25.6.0.202501151204/tools/bin/../lib/gcc/arm-none-eabi/14.2.1/../../../../arm-none-eabi/lib/thumb/v7e-m+fp/hard\libcr_c.a(setvbuf.o)
 .debug_abbrev  0x00002c5f       0xa7 C:/nxp/MCUXpressoIDE_25.6.136/ide/plugins/com.nxp.mcuxpresso.tools.win32_25.6.0.202501151204/tools/bin/../lib/gcc/arm-none-eabi/14.2.1/../../../../arm-none-eabi/lib/thumb/v7e-m+fp/hard\libcr_c.a(strlen.o)
 .debug_abbrev  0x00002d06       0xaf C:/nxp/MCUXpressoIDE_25.6.136/ide/plugins/com.nxp.mcuxpresso.tools.win32_25.6.0.202501151204/tools/bin/../lib/gcc/arm-none-eabi/14.2.1/../../../../arm-none-eabi/lib/thumb/v7e-m+fp/hard\libcr_c.a(__init_alloc.o)
 .debug_abbrev  0x00002db5       0xd3 C:/nxp/MCUXpressoIDE_25.6.136/ide/plugins/com.nxp.mcuxpresso.tools.win32_25.6.0.202501151204/tools/bin/../lib/gcc/arm-none-eabi/14.2.1/../../../../arm-none-eabi/lib/thumb/v7e-m+fp/hard\libcr_c.a(_cr_sbrk.o)
 .debug_abbrev  0x00002e88      0x119 C:/nxp/MCUXpressoIDE_25.6.136/ide/plugins/com.nxp.mcuxpresso.tools.win32_25.6.0.202501151204/tools/bin/../lib/gcc/arm-none-eabi/14.2.1/../../../../arm-none-eabi/lib/thumb/v7e-m+fp/hard\libcr_c.a(_fdopen.o)
 .debug_abbrev  0x00002fa1       0x44 C:/nxp/MCUXpressoIDE_25.6.136/ide/plugins/com.nxp.mcuxpresso.tools.win32_25.6.0.202501151204/tools/bin/../lib/gcc/arm-none-eabi/14.2.1/../../../../arm-none-eabi/lib/thumb/v7e-m+fp/hard\libcr_c.a(errno.o)
 .debug_abbrev  0x00002fe5      0x158 C:/nxp/MCUXpressoIDE_25.6.136/ide/plugins/com.nxp.mcuxpresso.tools.win32_25.6.0.202501151204/tools/bin/../lib/gcc/arm-none-eabi/14.2.1/../../../../arm-none-eabi/lib/thumb/v7e-m+fp/hard\libcr_c.a(fclose.o)
 .debug_abbrev  0x0000313d      0x125 C:/nxp/MCUXpressoIDE_25.6.136/ide/plugins/com.nxp.mcuxpresso.tools.win32_25.6.0.202501151204/tools/bin/../lib/gcc/arm-none-eabi/14.2.1/../../../../arm-none-eabi/lib/thumb/v7e-m+fp/hard\libcr_c.a(fflush.o)
 .debug_abbrev  0x00003262      0x11b C:/nxp/MCUXpressoIDE_25.6.136/ide/plugins/com.nxp.mcuxpresso.tools.win32_25.6.0.202501151204/tools/bin/../lib/gcc/arm-none-eabi/14.2.1/../../../../arm-none-eabi/lib/thumb/v7e-m+fp/hard\libcr_c.a(fseek.o)
 .debug_abbrev  0x0000337d       0xc2 C:/nxp/MCUXpressoIDE_25.6.136/ide/plugins/com.nxp.mcuxpresso.tools.win32_25.6.0.202501151204/tools/bin/../lib/gcc/arm-none-eabi/14.2.1/../../../../arm-none-eabi/lib/thumb/v7e-m+fp/hard\libcr_c.a(ftell.o)
 .debug_abbrev  0x0000343f       0xfb C:/nxp/MCUXpressoIDE_25.6.136/ide/plugins/com.nxp.mcuxpresso.tools.win32_25.6.0.202501151204/tools/bin/../lib/gcc/arm-none-eabi/14.2.1/../../../../arm-none-eabi/lib/thumb/v7e-m+fp/hard\libcr_c.a(remove.o)
 .debug_abbrev  0x0000353a       0x6b C:/nxp/MCUXpressoIDE_25.6.136/ide/plugins/com.nxp.mcuxpresso.tools.win32_25.6.0.202501151204/tools/bin/../lib/gcc/arm-none-eabi/14.2.1/../../../../arm-none-eabi/lib/thumb/v7e-m+fp/hard\libcr_c.a(_cr_check_heap.o)
 .debug_abbrev  0x000035a5      0x12c C:/nxp/MCUXpressoIDE_25.6.136/ide/plugins/com.nxp.mcuxpresso.tools.win32_25.6.0.202501151204/tools/bin/../lib/gcc/arm-none-eabi/14.2.1/../../../../arm-none-eabi/lib/thumb/v7e-m+fp/hard\libcr_c.a(_do_fflush.o)
 .debug_abbrev  0x000036d1       0xf1 C:/nxp/MCUXpressoIDE_25.6.136/ide/plugins/com.nxp.mcuxpresso.tools.win32_25.6.0.202501151204/tools/bin/../lib/gcc/arm-none-eabi/14.2.1/../../../../arm-none-eabi/lib/thumb/v7e-m+fp/hard\libcr_c.a(_fflush.o)
 .debug_abbrev  0x000037c2      0x126 C:/nxp/MCUXpressoIDE_25.6.136/ide/plugins/com.nxp.mcuxpresso.tools.win32_25.6.0.202501151204/tools/bin/../lib/gcc/arm-none-eabi/14.2.1/../../../../arm-none-eabi/lib/thumb/v7e-m+fp/hard\libcr_c.a(_writebuf.o)
 .debug_abbrev  0x000038e8      0x18e C:/nxp/MCUXpressoIDE_25.6.136/ide/plugins/com.nxp.mcuxpresso.tools.win32_25.6.0.202501151204/tools/bin/../lib/gcc/arm-none-eabi/14.2.1/../../../../arm-none-eabi/lib/thumb/v7e-m+fp/hard\libcr_c.a(_deferredlazyseek.o)
 .debug_abbrev  0x00003a76       0xb5 C:/nxp/MCUXpressoIDE_25.6.136/ide/plugins/com.nxp.mcuxpresso.tools.win32_25.6.0.202501151204/tools/bin/../lib/gcc/arm-none-eabi/14.2.1/../../../../arm-none-eabi/lib/thumb/v7e-m+fp/hard\libcr_nohost_nf.a(__ciob.o)
 .debug_abbrev  0x00003b2b       0x5c C:/nxp/MCUXpressoIDE_25.6.136/ide/plugins/com.nxp.mcuxpresso.tools.win32_25.6.0.202501151204/tools/bin/../lib/gcc/arm-none-eabi/14.2.1/../../../../arm-none-eabi/lib/thumb/v7e-m+fp/hard\libcr_nohost_nf.a(__sys_close.o)
 .debug_abbrev  0x00003b87       0x5c C:/nxp/MCUXpressoIDE_25.6.136/ide/plugins/com.nxp.mcuxpresso.tools.win32_25.6.0.202501151204/tools/bin/../lib/gcc/arm-none-eabi/14.2.1/../../../../arm-none-eabi/lib/thumb/v7e-m+fp/hard\libcr_nohost_nf.a(__sys_flen.o)
 .debug_abbrev  0x00003be3       0x5c C:/nxp/MCUXpressoIDE_25.6.136/ide/plugins/com.nxp.mcuxpresso.tools.win32_25.6.0.202501151204/tools/bin/../lib/gcc/arm-none-eabi/14.2.1/../../../../arm-none-eabi/lib/thumb/v7e-m+fp/hard\libcr_nohost_nf.a(__sys_istty.o)
 .debug_abbrev  0x00003c3f       0x7d C:/nxp/MCUXpressoIDE_25.6.136/ide/plugins/com.nxp.mcuxpresso.tools.win32_25.6.0.202501151204/tools/bin/../lib/gcc/arm-none-eabi/14.2.1/../../../../arm-none-eabi/lib/thumb/v7e-m+fp/hard\libcr_nohost_nf.a(__sys_remove.o)
 .debug_abbrev  0x00003cbc       0x6d C:/nxp/MCUXpressoIDE_25.6.136/ide/plugins/com.nxp.mcuxpresso.tools.win32_25.6.0.202501151204/tools/bin/../lib/gcc/arm-none-eabi/14.2.1/../../../../arm-none-eabi/lib/thumb/v7e-m+fp/hard\libcr_nohost_nf.a(__sys_seek.o)
 .debug_abbrev  0x00003d29       0x76 C:/nxp/MCUXpressoIDE_25.6.136/ide/plugins/com.nxp.mcuxpresso.tools.win32_25.6.0.202501151204/tools/bin/../lib/gcc/arm-none-eabi/14.2.1/../../../../arm-none-eabi/lib/thumb/v7e-m+fp/hard\libcr_nohost_nf.a(__sys_tmpnam.o)
 .debug_abbrev  0x00003d9f       0x76 C:/nxp/MCUXpressoIDE_25.6.136/ide/plugins/com.nxp.mcuxpresso.tools.win32_25.6.0.202501151204/tools/bin/../lib/gcc/arm-none-eabi/14.2.1/../../../../arm-none-eabi/lib/thumb/v7e-m+fp/hard\libcr_nohost_nf.a(__sys_write.o)

.debug_aranges  0x00000000     0x1110
 .debug_aranges
                0x00000000       0x20 ./utilities/fsl_assert.o
 .debug_aranges
                0x00000020       0x78 ./utilities/fsl_debug_console.o
 .debug_aranges
                0x00000098      0x330 ./startup/startup_mk64f12.o
 .debug_aranges
                0x000003c8       0x68 ./source/Functions.o
 .debug_aranges
                0x00000430       0x28 ./source/Practica_1.o
 .debug_aranges
                0x00000458       0xb8 ./source/aes.o
 .debug_aranges
                0x00000510       0x20 ./source/semihost_hardfault.o
 .debug_aranges
                0x00000530       0x70 ./phy/fsl_phyksz8081.o
 .debug_aranges
                0x000005a0       0x58 ./mdio/fsl_enet_mdio.o
 .debug_aranges
                0x000005f8      0x1f8 ./drivers/fsl_clock.o
 .debug_aranges
                0x000007f0       0x28 ./drivers/fsl_common_arm.o
 .debug_aranges
                0x00000818      0x220 ./drivers/fsl_enet.o
 .debug_aranges
                0x00000a38      0x1b8 ./drivers/fsl_uart.o
 .debug_aranges
                0x00000bf0       0x30 ./device/system_MK64F12.o
 .debug_aranges
                0x00000c20       0x50 ./component/uart/fsl_adapter_uart.o
 .debug_aranges
                0x00000c70       0x20 ./board/board.o
 .debug_aranges
                0x00000c90       0x58 ./board/clock_config.o
 .debug_aranges
                0x00000ce8       0x40 ./board/pin_mux.o
 .debug_aranges
                0x00000d28       0x20 C:/nxp/MCUXpressoIDE_25.6.136/ide/plugins/com.nxp.mcuxpresso.tools.win32_25.6.0.202501151204/tools/bin/../lib/gcc/arm-none-eabi/14.2.1/../../../../arm-none-eabi/lib/thumb/v7e-m+fp/hard\libcr_nohost_nf.a(_cr__main.o)
 .debug_aranges
                0x00000d48       0x20 C:/nxp/MCUXpressoIDE_25.6.136/ide/plugins/com.nxp.mcuxpresso.tools.win32_25.6.0.202501151204/tools/bin/../lib/gcc/arm-none-eabi/14.2.1/../../../../arm-none-eabi/lib/thumb/v7e-m+fp/hard\libcr_c.a(memcpy.o)
 .debug_aranges
                0x00000d68       0x20 C:/nxp/MCUXpressoIDE_25.6.136/ide/plugins/com.nxp.mcuxpresso.tools.win32_25.6.0.202501151204/tools/bin/../lib/gcc/arm-none-eabi/14.2.1/../../../../arm-none-eabi/lib/thumb/v7e-m+fp/hard\libcr_c.a(memset.o)
 .debug_aranges
                0x00000d88       0x40 C:/nxp/MCUXpressoIDE_25.6.136/ide/plugins/com.nxp.mcuxpresso.tools.win32_25.6.0.202501151204/tools/bin/../lib/gcc/arm-none-eabi/14.2.1/../../../../arm-none-eabi/lib/thumb/v7e-m+fp/hard\libcr_c.a(alloc.o)
 .debug_aranges
                0x00000dc8       0x28 C:/nxp/MCUXpressoIDE_25.6.136/ide/plugins/com.nxp.mcuxpresso.tools.win32_25.6.0.202501151204/tools/bin/../lib/gcc/arm-none-eabi/14.2.1/../../../../arm-none-eabi/lib/thumb/v7e-m+fp/hard\libcr_c.a(initio.o)
 .debug_aranges