C:\Users\fcoda\Documents\MCUXpressoIDE_25.6.136\workspace\frdmk64f_enet_txrx_transfer\drivers/fsl_enet.h:1187:20:ENET_ActiveRead	16	static
C:\Users\fcoda\Documents\MCUXpressoIDE_25.6.136\workspace\frdmk64f_enet_txrx_transfer\phy/fsl_phy.h:147:24:PHY_Init	16	static
C:\Users\fcoda\Documents\MCUXpressoIDE_25.6.136\workspace\frdmk64f_enet_txrx_transfer\phy/fsl_phy.h:191:24:PHY_GetAutoNegotiationStatus	16	static
C:\Users\fcoda\Documents\MCUXpressoIDE_25.6.136\workspace\frdmk64f_enet_txrx_transfer\phy/fsl_phy.h:206:24:PHY_GetLinkStatus	16	static
C:\Users\fcoda\Documents\MCUXpressoIDE_25.6.136\workspace\frdmk64f_enet_txrx_transfer\phy/fsl_phy.h:223:24:PHY_GetLinkSpeedDuplex	24	static
C:\Users\fcoda\Documents\MCUXpressoIDE_25.6.136\workspace\frdmk64f_enet_txrx_transfer\drivers/fsl_sysmpu.h:268:20:SYSMPU_Enable	16	static
../source/Practice_1.c:99:6:ENET_BuildBroadCastFrame	32	static
../source/Practice_1.c:123:6:init	144	static
../source/Practice_1.c:216:6:send	24	static
../source/Practice_1.c:251:5:main	8	static
